Archive member included because of file (symbol)

C:\dev\marmalade\6.0\s3e\edk\lib\android\libedk.a(edk_helpers.o)
                              release\s3eFlurry_platform.os (s3eEdkThreadRunOnOS)

Discarded input sections

 _ZN7_JNIEnv11GetMethodIDEP7_jclassPKcS3_
                0x00000000        0x0 release\s3eFlurry_platform.os
 _ZN7_JNIEnv14CallVoidMethodEP8_jobjectP10_jmethodIDz
                0x00000000        0x0 release\s3eFlurry_platform.os
 _ZN7_JNIEnv9NewObjectEP7_jclassP10_jmethodIDz
                0x00000000        0x0 release\s3eFlurry_platform.os
 .text          0x00000000        0x0 release\s3eFlurry_platform.os
 .data          0x00000000        0x0 release\s3eFlurry_platform.os
 .note.GNU-stack
                0x00000000        0x0 release\s3eFlurry_platform.os
 .text          0x00000000        0x0 release\s3eFlurry.os
 .data          0x00000000        0x0 release\s3eFlurry.os
 .bss           0x00000000        0x0 release\s3eFlurry.os
 .note.GNU-stack
                0x00000000        0x0 release\s3eFlurry.os
 .text          0x00000000        0x0 release\s3eFlurry_register.os
 .data          0x00000000        0x0 release\s3eFlurry_register.os
 .bss           0x00000000        0x0 release\s3eFlurry_register.os
 .text._Z20s3eFlurryRegisterExtv
                0x00000000        0x0 release\s3eFlurry_register.os
 .note.GNU-stack
                0x00000000        0x0 release\s3eFlurry_register.os
 .text          0x00000000        0x0 C:\dev\marmalade\6.0\s3e\edk\lib\android\libedk.a(edk_helpers.o)
 .data          0x00000000        0x0 C:\dev\marmalade\6.0\s3e\edk\lib\android\libedk.a(edk_helpers.o)
 .bss           0x00000000        0x0 C:\dev\marmalade\6.0\s3e\edk\lib\android\libedk.a(edk_helpers.o)
 .text.s3eEdkThreadRunOnOSAsync
                0x00000000        0x0 C:\dev\marmalade\6.0\s3e\edk\lib\android\libedk.a(edk_helpers.o)
 .ARM.extab.text.s3eEdkThreadRunOnOSAsync
                0x00000000        0x0 C:\dev\marmalade\6.0\s3e\edk\lib\android\libedk.a(edk_helpers.o)
 .ARM.exidx.text.s3eEdkThreadRunOnOSAsync
                0x00000000        0x0 C:\dev\marmalade\6.0\s3e\edk\lib\android\libedk.a(edk_helpers.o)
 .text.s3eEdkErrorSetString
                0x00000000        0x0 C:\dev\marmalade\6.0\s3e\edk\lib\android\libedk.a(edk_helpers.o)
 .ARM.extab.text.s3eEdkErrorSetString
                0x00000000        0x0 C:\dev\marmalade\6.0\s3e\edk\lib\android\libedk.a(edk_helpers.o)
 .ARM.exidx.text.s3eEdkErrorSetString
                0x00000000        0x0 C:\dev\marmalade\6.0\s3e\edk\lib\android\libedk.a(edk_helpers.o)
 .note.GNU-stack
                0x00000000        0x0 C:\dev\marmalade\6.0\s3e\edk\lib\android\libedk.a(edk_helpers.o)

Memory Configuration

Name             Origin             Length             Attributes
*default*        0x00000000         0xffffffff

Linker script and memory map

LOAD release\s3eFlurry_platform.os
LOAD release\s3eFlurry.os
LOAD release\s3eFlurry_register.os
LOAD C:\dev\marmalade\6.0\s3e\edk\lib\android\libedk.a
LOAD C:\dev\marmalade\6.0\s3e\edk\lib\android/libplaceholderplaceholderplaceholderplaceholderplaceholder.so
LOAD C:\dev\tools\android-ndk-r8\platforms\android-9\arch-arm\usr\lib/libc.so
LOAD C:\dev\tools\android-ndk-r8\platforms\android-9\arch-arm\usr\lib/libm.so
LOAD C:\dev\tools\android-ndk-r8\platforms\android-9\arch-arm\usr\lib/liblog.so
LOAD C:\dev\tools\android-ndk-r8\platforms\android-9\arch-arm\usr\lib/libstdc++.so
LOAD C:/dev/tools/android-ndk-r8/toolchains/arm-linux-androideabi-4.4.3/prebuilt/windows/bin/../lib/gcc/arm-linux-androideabi/4.4.3\libgcc.a
                0x000000d4                . = (0x0 + SIZEOF_HEADERS)

.note.gnu.build-id
 *(.note.gnu.build-id)

.hash           0x000000d4       0x9c
 *(.hash)
 .hash          0x000000d4       0x9c release\s3eFlurry_platform.os

.gnu.hash
 *(.gnu.hash)

.dynsym         0x00000170      0x140
 *(.dynsym)
 .dynsym        0x00000170      0x140 release\s3eFlurry_platform.os

.dynstr         0x000002b0      0x129
 *(.dynstr)
 .dynstr        0x000002b0      0x129 release\s3eFlurry_platform.os

.gnu.version    0x000003da        0x0 load address 0x000003d9
 *(.gnu.version)
 .gnu.version   0x00000000        0x0 release\s3eFlurry_platform.os

.gnu.version_d  0x000003dc        0x0 load address 0x000003d9
 *(.gnu.version_d)
 .gnu.version_d
                0x00000000        0x0 release\s3eFlurry_platform.os

.gnu.version_r  0x000003dc        0x0 load address 0x000003d9
 *(.gnu.version_r)
 .gnu.version_r
                0x00000000        0x0 release\s3eFlurry_platform.os

.rel.dyn        0x000003dc       0x80
 *(.rel.init)
 *(.rel.text .rel.text.* .rel.gnu.linkonce.t.*)
 *(.rel.fini)
 *(.rel.rodata .rel.rodata.* .rel.gnu.linkonce.r.*)
 *(.rel.data.rel.ro* .rel.gnu.linkonce.d.rel.ro.*)
 *(.rel.data .rel.data.* .rel.gnu.linkonce.d.*)
 *(.rel.tdata .rel.tdata.* .rel.gnu.linkonce.td.*)
 *(.rel.tbss .rel.tbss.* .rel.gnu.linkonce.tb.*)
 *(.rel.ctors)
 *(.rel.dtors)
 *(.rel.got)
 .rel.got       0x000003dc       0x80 release\s3eFlurry_platform.os
 *(.rel.bss .rel.bss.* .rel.gnu.linkonce.b.*)

.rela.dyn
 *(.rela.init)
 *(.rela.text .rela.text.* .rela.gnu.linkonce.t.*)
 *(.rela.fini)
 *(.rela.rodata .rela.rodata.* .rela.gnu.linkonce.r.*)
 *(.rela.data .rela.data.* .rela.gnu.linkonce.d.*)
 *(.rela.tdata .rela.tdata.* .rela.gnu.linkonce.td.*)
 *(.rela.tbss .rela.tbss.* .rela.gnu.linkonce.tb.*)
 *(.rela.ctors)
 *(.rela.dtors)
 *(.rela.got)
 *(.rela.bss .rela.bss.* .rela.gnu.linkonce.b.*)

.rel.plt        0x0000045c       0x18
 *(.rel.plt)
 .rel.plt       0x0000045c       0x18 release\s3eFlurry_platform.os

.rela.plt
 *(.rela.plt)

.init
 *(.init)

.plt            0x00000474       0x38
 *(.plt)
 .plt           0x00000474       0x38 release\s3eFlurry_platform.os

.text           0x000004ac     0x1068
 *(.text .stub .text.* .gnu.linkonce.t.*)
 .text._ZN7_JNIEnv11GetMethodIDEP7_jclassPKcS3_
                0x000004ac       0x1c release\s3eFlurry_platform.os
                0x000004ac                _JNIEnv::GetMethodID(_jclass*, char const*, char const*)
 .text._Z27s3eFlurryTerminate_platformv
                0x000004c8        0x4 release\s3eFlurry_platform.os
                0x000004c8                s3eFlurryTerminate_platform()
 .text._ZN7_JNIEnv14CallVoidMethodEP8_jobjectP10_jmethodIDz
                0x000004cc       0x38 release\s3eFlurry_platform.os
                0x000004cc                _JNIEnv::CallVoidMethod(_jobject*, _jmethodID*, ...)
 .text._ZN7_JNIEnv9NewObjectEP7_jclassP10_jmethodIDz
                0x00000504       0x38 release\s3eFlurry_platform.os
                0x00000504                _JNIEnv::NewObject(_jclass*, _jmethodID*, ...)
 .text._Z22s3eFlurryInit_platformv
                0x0000053c      0x410 release\s3eFlurry_platform.os
                0x0000053c                s3eFlurryInit_platform()
 .text._Z41s3eFlurrySetSessionReportOnPause_platformh
                0x0000094c       0x58 release\s3eFlurry_platform.os
                0x0000094c                s3eFlurrySetSessionReportOnPause_platform(unsigned char)
 .text._Z41s3eFlurrySetSessionReportOnClose_platformh
                0x000009a4       0x58 release\s3eFlurry_platform.os
                0x000009a4                s3eFlurrySetSessionReportOnClose_platform(unsigned char)
 .text._Z29s3eFlurrySetLocation_platformP11s3eLocation
                0x000009fc       0x58 release\s3eFlurry_platform.os
                0x000009fc                s3eFlurrySetLocation_platform(s3eLocation*)
 .text._Z31s3eFlurryShowOfferWall_platformv
                0x00000a54       0x58 release\s3eFlurry_platform.os
                0x00000a54                s3eFlurryShowOfferWall_platform()
 .text._Z28s3eFlurrySetUserAge_platformh
                0x00000aac       0x58 release\s3eFlurry_platform.os
                0x00000aac                s3eFlurrySetUserAge_platform(unsigned char)
 .text._Z33s3eFlurryAppCircleEnable_platformv
                0x00000b04       0x58 release\s3eFlurry_platform.os
                0x00000b04                s3eFlurryAppCircleEnable_platform()
 .text._Z30s3eFlurryShowAdBanner_platformhh
                0x00000b5c       0x7c release\s3eFlurry_platform.os
                0x00000b5c                s3eFlurryShowAdBanner_platform(unsigned char, unsigned char)
 .text._Z23s3eFlurryStart_platformPKc
                0x00000bd8       0x7c release\s3eFlurry_platform.os
                0x00000bd8                s3eFlurryStart_platform(char const*)
 .text._Z32s3eFlurrySetDefaultText_platformPKc
                0x00000c54       0x7c release\s3eFlurry_platform.os
                0x00000c54                s3eFlurrySetDefaultText_platform(char const*)
 .text._Z27s3eFlurrySetUserID_platformPKc
                0x00000cd0       0x7c release\s3eFlurry_platform.os
                0x00000cd0                s3eFlurrySetUserID_platform(char const*)
 .text._Z31s3eFlurryEndTimedEvent_platformPKc
                0x00000d4c       0x7c release\s3eFlurry_platform.os
                0x00000d4c                s3eFlurryEndTimedEvent_platform(char const*)
 .text._Z26s3eFlurryLogEvent_platformPKch
                0x00000dc8       0x7c release\s3eFlurry_platform.os
                0x00000dc8                s3eFlurryLogEvent_platform(char const*, unsigned char)
 .text._Z31s3eFlurrySetUserGender_platform19s3eFlurryUserGender
                0x00000e44       0x94 release\s3eFlurry_platform.os
                0x00000e44                s3eFlurrySetUserGender_platform(s3eFlurryUserGender)
 .text._Z26s3eFlurryLogError_platformPKcS0_
                0x00000ed8       0xa0 release\s3eFlurry_platform.os
                0x00000ed8                s3eFlurryLogError_platform(char const*, char const*)
 .text._ZL27s3eEdkAndroidFindClass_realPKc
                0x00000f78       0xa0 release\s3eFlurry_platform.os
 .text.s3eFlurryShowOfferWall
                0x00001018       0x10 release\s3eFlurry.os
                0x00001018                s3eFlurryShowOfferWall
 .text.s3eFlurryShowAdBanner
                0x00001028       0x10 release\s3eFlurry.os
                0x00001028                s3eFlurryShowAdBanner
 .text.s3eFlurrySetDefaultText
                0x00001038       0x10 release\s3eFlurry.os
                0x00001038                s3eFlurrySetDefaultText
 .text.s3eFlurryAppCircleEnable
                0x00001048       0x10 release\s3eFlurry.os
                0x00001048                s3eFlurryAppCircleEnable
 .text.s3eFlurrySetSessionReportOnPause
                0x00001058       0x10 release\s3eFlurry.os
                0x00001058                s3eFlurrySetSessionReportOnPause
 .text.s3eFlurrySetSessionReportOnClose
                0x00001068       0x10 release\s3eFlurry.os
                0x00001068                s3eFlurrySetSessionReportOnClose
 .text.s3eFlurrySetLocation
                0x00001078       0x10 release\s3eFlurry.os
                0x00001078                s3eFlurrySetLocation
 .text.s3eFlurrySetUserGender
                0x00001088       0x10 release\s3eFlurry.os
                0x00001088                s3eFlurrySetUserGender
 .text.s3eFlurrySetUserAge
                0x00001098       0x10 release\s3eFlurry.os
                0x00001098                s3eFlurrySetUserAge
 .text.s3eFlurrySetUserID
                0x000010a8       0x10 release\s3eFlurry.os
                0x000010a8                s3eFlurrySetUserID
 .text.s3eFlurryLogError
                0x000010b8       0x10 release\s3eFlurry.os
                0x000010b8                s3eFlurryLogError
 .text.s3eFlurryEndTimedEvent
                0x000010c8       0x10 release\s3eFlurry.os
                0x000010c8                s3eFlurryEndTimedEvent
 .text.s3eFlurryLogEvent
                0x000010d8       0x10 release\s3eFlurry.os
                0x000010d8                s3eFlurryLogEvent
 .text.s3eFlurryStart
                0x000010e8       0x10 release\s3eFlurry.os
                0x000010e8                s3eFlurryStart
 .text._Z18s3eFlurryTerminatev
                0x000010f8       0x10 release\s3eFlurry.os
                0x000010f8                s3eFlurryTerminate()
 .text._Z13s3eFlurryInitv
                0x00001108       0x10 release\s3eFlurry.os
                0x00001108                s3eFlurryInit()
 .text._ZL27s3eFlurryShowOfferWall_wrapv
                0x00001118       0x20 release\s3eFlurry_register.os
 .text._ZL26s3eFlurryShowAdBanner_wraphh
                0x00001138       0x28 release\s3eFlurry_register.os
 .text._ZL28s3eFlurrySetDefaultText_wrapPKc
                0x00001160       0x24 release\s3eFlurry_register.os
 .text._ZL29s3eFlurryAppCircleEnable_wrapv
                0x00001184       0x20 release\s3eFlurry_register.os
 .text._ZL37s3eFlurrySetSessionReportOnPause_wraph
                0x000011a4       0x24 release\s3eFlurry_register.os
 .text._ZL37s3eFlurrySetSessionReportOnClose_wraph
                0x000011c8       0x24 release\s3eFlurry_register.os
 .text._ZL25s3eFlurrySetLocation_wrapP11s3eLocation
                0x000011ec       0x24 release\s3eFlurry_register.os
 .text._ZL27s3eFlurrySetUserGender_wrap19s3eFlurryUserGender
                0x00001210       0x24 release\s3eFlurry_register.os
 .text._ZL24s3eFlurrySetUserAge_wraph
                0x00001234       0x24 release\s3eFlurry_register.os
 .text._ZL23s3eFlurrySetUserID_wrapPKc
                0x00001258       0x24 release\s3eFlurry_register.os
 .text._ZL22s3eFlurryLogError_wrapPKcS0_
                0x0000127c       0x28 release\s3eFlurry_register.os
 .text._ZL27s3eFlurryEndTimedEvent_wrapPKc
                0x000012a4       0x24 release\s3eFlurry_register.os
 .text._ZL22s3eFlurryLogEvent_wrapPKch
                0x000012c8       0x28 release\s3eFlurry_register.os
 .text._ZL19s3eFlurryStart_wrapPKc
                0x000012f0       0x24 release\s3eFlurry_register.os
 .text.RegisterExt
                0x00001314      0x1d0 release\s3eFlurry_register.os
                0x00001314                RegisterExt
 .text.s3eEdkThreadRunOnOS
                0x000014e4       0x30 C:\dev\marmalade\6.0\s3e\edk\lib\android\libedk.a(edk_helpers.o)
                0x000014e4                s3eEdkThreadRunOnOS
 *(.gnu.warning)
 *(.glue_7t)
 .glue_7t       0x00000000        0x0 linker stubs
 *(.glue_7)
 .glue_7        0x00000000        0x0 linker stubs
 *(.vfp11_veneer)
 .vfp11_veneer  0x00000000        0x0 linker stubs
 *(.v4_bx)
 .v4_bx         0x00000000        0x0 linker stubs

.fini
 *(.fini)
                0x00001514                PROVIDE (__etext, .)
                0x00001514                PROVIDE (_etext, .)
                0x00001514                PROVIDE (etext, .)

.rodata         0x00001514      0x1dc
 *(.rodata .rodata.* .gnu.linkonce.r.*)
 .rodata.str1.4
                0x00001514      0x1dc release\s3eFlurry_platform.os
 .rodata.str1.4
                0x00000000        0xc release\s3eFlurry_register.os

.rodata1
 *(.rodata1)

.ARM.extab      0x000016f0        0xc
 *(.ARM.extab* .gnu.linkonce.armextab.*)
 .ARM.extab.text.s3eEdkThreadRunOnOS
                0x000016f0        0xc C:\dev\marmalade\6.0\s3e\edk\lib\android\libedk.a(edk_helpers.o)
                0x000016fc                __exidx_start = .

.ARM.exidx      0x000016fc        0x8
 *(.ARM.exidx* .gnu.linkonce.armexidx.*)
 .ARM.exidx.text.s3eEdkThreadRunOnOS
                0x000016fc        0x8 C:\dev\marmalade\6.0\s3e\edk\lib\android\libedk.a(edk_helpers.o)
                0x00001704                __exidx_end = .

.eh_frame_hdr
 *(.eh_frame_hdr)

.eh_frame
 *(.eh_frame)

.gcc_except_table
 *(.gcc_except_table .gcc_except_table.*)
                0x00001704                . = (ALIGN (0x1000) - ((0x1000 - .) & 0xfff))
                0x00002704                . = (0x1000 DATA_SEGMENT_ALIGN 0x1000)

.eh_frame
 *(.eh_frame)

.gcc_except_table
 *(.gcc_except_table .gcc_except_table.*)

.tdata
 *(.tdata .tdata.* .gnu.linkonce.td.*)

.tbss
 *(.tbss .tbss.* .gnu.linkonce.tb.*)
 *(.tcommon)

.preinit_array
 *(.preinit_array)

.init_array
 *(SORT(.init_array.*))
 *(.init_array)

.fini_array
 *(.fini_array)
 *(SORT(.fini_array.*))

.ctors
 *crtbegin.o(.ctors)
 *crtbegin?.o(.ctors)
 *(EXCLUDE_FILE(*crtend?.o *crtend.o) .ctors)
 *(SORT(.ctors.*))
 *(.ctors)

.dtors
 *crtbegin.o(.dtors)
 *crtbegin?.o(.dtors)
 *(EXCLUDE_FILE(*crtend?.o *crtend.o) .dtors)
 *(SORT(.dtors.*))
 *(.dtors)

.jcr
 *(.jcr)

.data.rel.ro
 *(.data.rel.ro.local* .gnu.linkonce.d.rel.ro.local.*)
 *(.data.rel.ro* .gnu.linkonce.d.rel.ro.*)

.dynamic        0x00002704       0xa8
 *(.dynamic)
 .dynamic       0x00002704       0xa8 release\s3eFlurry_platform.os
                0x00002704                _DYNAMIC
                0x000027ac                . = (. DATA_SEGMENT_RELRO_END 0x0)

.got            0x000027ac       0x58
 *(.got.plt)
 .got.plt       0x000027ac       0x18 release\s3eFlurry_platform.os
                0x000027ac                _GLOBAL_OFFSET_TABLE_
 *(.got)
 .got           0x000027c4       0x40 release\s3eFlurry_platform.os

.data           0x00002804        0x0
                0x00002804                __data_start = .
 *(.data .data.* .gnu.linkonce.d.*)

.data1
 *(.data1)
                0x00002804                _edata = .
                0x00002804                PROVIDE (edata, .)
                0x00002804                __bss_start = .
                0x00002804                __bss_start__ = .

.bss            0x00002804       0x3c
 *(.dynbss)
 .dynbss        0x00000000        0x0 release\s3eFlurry_platform.os
 *(.bss .bss.* .gnu.linkonce.b.*)
 .bss           0x00002804       0x3c release\s3eFlurry_platform.os
 *(COMMON)
                0x00002840                . = ALIGN ((. != 0x0)?0x4:0x1)
                0x00002840                _bss_end__ = .
                0x00002840                __bss_end__ = .
                0x00002840                . = ALIGN (0x4)
                0x00002840                . = ALIGN (0x4)
                0x00002840                __end__ = .
                0x00002840                _end = .
                0x00002840                PROVIDE (end, .)
                0x00002840                . = DATA_SEGMENT_END (.)

.stab
 *(.stab)

.stabstr
 *(.stabstr)

.stab.excl
 *(.stab.excl)

.stab.exclstr
 *(.stab.exclstr)

.stab.index
 *(.stab.index)

.stab.indexstr
 *(.stab.indexstr)

.comment        0x00000000       0x61
 *(.comment)
 .comment       0x00000000       0x12 release\s3eFlurry_platform.os
 .comment       0x00000012       0x12 release\s3eFlurry.os
 .comment       0x00000024       0x12 release\s3eFlurry_register.os
 .comment       0x00000036       0x2b C:\dev\marmalade\6.0\s3e\edk\lib\android\libedk.a(edk_helpers.o)

.debug
 *(.debug)

.line
 *(.line)

.debug_srcinfo
 *(.debug_srcinfo)

.debug_sfnames
 *(.debug_sfnames)

.debug_aranges
 *(.debug_aranges)

.debug_pubnames
 *(.debug_pubnames)

.debug_info
 *(.debug_info .gnu.linkonce.wi.*)

.debug_abbrev
 *(.debug_abbrev)

.debug_line
 *(.debug_line)

.debug_frame
 *(.debug_frame)

.debug_str
 *(.debug_str)

.debug_loc
 *(.debug_loc)

.debug_macinfo
 *(.debug_macinfo)

.debug_weaknames
 *(.debug_weaknames)

.debug_funcnames
 *(.debug_funcnames)

.debug_typenames
 *(.debug_typenames)

.debug_varnames
 *(.debug_varnames)

.debug_pubtypes
 *(.debug_pubtypes)

.debug_ranges
 *(.debug_ranges)

.gnu.attributes
 *(.gnu.attributes)

.note.gnu.arm.ident
 *(.note.gnu.arm.ident)

/DISCARD/
 *(.note.GNU-stack)
 *(.gnu_debuglink)
OUTPUT(D:\dark\projects\marmalade_extensions\flurry\extensions\s3eflurry\lib\android\libs3eFlurry.so elf32-littlearm)

.ARM.attributes
                0x00000000       0x2a
 .ARM.attributes
                0x00000000       0x28 release\s3eFlurry_platform.os
 .ARM.attributes
                0x00000028       0x28 release\s3eFlurry.os
 .ARM.attributes
                0x00000050       0x28 release\s3eFlurry_register.os
 .ARM.attributes
                0x00000078       0x2c C:\dev\marmalade\6.0\s3e\edk\lib\android\libedk.a(edk_helpers.o)
