Archive member included because of file (symbol)

C:\dev\marmalade\6.0\s3e\edk\lib\android\libedk.a(IwDebug.o)
                              debug\s3eFlurry_platform.os (IwDebugTraceSetTraceChannel)
C:\dev\marmalade\6.0\s3e\edk\lib\android\libedk.a(edk_helpers.o)
                              debug\s3eFlurry_platform.os (s3eEdkThreadRunOnOS)
C:/dev/tools/android-ndk-r8/toolchains/arm-linux-androideabi-4.4.3/prebuilt/windows/bin/../lib/gcc/arm-linux-androideabi/4.4.3\libgcc.a(_aeabi_ldivmod.o)
                              C:\dev\marmalade\6.0\s3e\edk\lib\android\libedk.a(IwDebug.o) (__aeabi_ldivmod)
C:/dev/tools/android-ndk-r8/toolchains/arm-linux-androideabi-4.4.3/prebuilt/windows/bin/../lib/gcc/arm-linux-androideabi/4.4.3\libgcc.a(bpabi.o)
                              C:/dev/tools/android-ndk-r8/toolchains/arm-linux-androideabi-4.4.3/prebuilt/windows/bin/../lib/gcc/arm-linux-androideabi/4.4.3\libgcc.a(_aeabi_ldivmod.o) (__gnu_ldivmod_helper)
C:/dev/tools/android-ndk-r8/toolchains/arm-linux-androideabi-4.4.3/prebuilt/windows/bin/../lib/gcc/arm-linux-androideabi/4.4.3\libgcc.a(unwind-arm.o)
                              C:\dev\marmalade\6.0\s3e\edk\lib\android\libedk.a(IwDebug.o) (__aeabi_unwind_cpp_pr0)
C:/dev/tools/android-ndk-r8/toolchains/arm-linux-androideabi-4.4.3/prebuilt/windows/bin/../lib/gcc/arm-linux-androideabi/4.4.3\libgcc.a(libunwind.o)
                              C:/dev/tools/android-ndk-r8/toolchains/arm-linux-androideabi-4.4.3/prebuilt/windows/bin/../lib/gcc/arm-linux-androideabi/4.4.3\libgcc.a(unwind-arm.o) (restore_core_regs)
C:/dev/tools/android-ndk-r8/toolchains/arm-linux-androideabi-4.4.3/prebuilt/windows/bin/../lib/gcc/arm-linux-androideabi/4.4.3\libgcc.a(pr-support.o)
                              C:/dev/tools/android-ndk-r8/toolchains/arm-linux-androideabi-4.4.3/prebuilt/windows/bin/../lib/gcc/arm-linux-androideabi/4.4.3\libgcc.a(unwind-arm.o) (__gnu_unwind_execute)
C:/dev/tools/android-ndk-r8/toolchains/arm-linux-androideabi-4.4.3/prebuilt/windows/bin/../lib/gcc/arm-linux-androideabi/4.4.3\libgcc.a(_divdi3.o)
                              C:/dev/tools/android-ndk-r8/toolchains/arm-linux-androideabi-4.4.3/prebuilt/windows/bin/../lib/gcc/arm-linux-androideabi/4.4.3\libgcc.a(bpabi.o) (__divdi3)
C:/dev/tools/android-ndk-r8/toolchains/arm-linux-androideabi-4.4.3/prebuilt/windows/bin/../lib/gcc/arm-linux-androideabi/4.4.3\libgcc.a(_udivdi3.o)
                              C:/dev/tools/android-ndk-r8/toolchains/arm-linux-androideabi-4.4.3/prebuilt/windows/bin/../lib/gcc/arm-linux-androideabi/4.4.3\libgcc.a(bpabi.o) (__udivdi3)
C:/dev/tools/android-ndk-r8/toolchains/arm-linux-androideabi-4.4.3/prebuilt/windows/bin/../lib/gcc/arm-linux-androideabi/4.4.3\libgcc.a(_udivsi3.o)
                              C:/dev/tools/android-ndk-r8/toolchains/arm-linux-androideabi-4.4.3/prebuilt/windows/bin/../lib/gcc/arm-linux-androideabi/4.4.3\libgcc.a(_divdi3.o) (__aeabi_uidiv)
C:/dev/tools/android-ndk-r8/toolchains/arm-linux-androideabi-4.4.3/prebuilt/windows/bin/../lib/gcc/arm-linux-androideabi/4.4.3\libgcc.a(_dvmd_lnx.o)
                              C:/dev/tools/android-ndk-r8/toolchains/arm-linux-androideabi-4.4.3/prebuilt/windows/bin/../lib/gcc/arm-linux-androideabi/4.4.3\libgcc.a(_udivsi3.o) (__div0)

Discarded input sections

 _ZN7_JNIEnv9FindClassEPKc
                0x00000000        0x0 debug\s3eFlurry_platform.os
 _ZN7_JNIEnv17ExceptionOccurredEv
                0x00000000        0x0 debug\s3eFlurry_platform.os
 _ZN7_JNIEnv17ExceptionDescribeEv
                0x00000000        0x0 debug\s3eFlurry_platform.os
 _ZN7_JNIEnv14ExceptionClearEv
                0x00000000        0x0 debug\s3eFlurry_platform.os
 _ZN7_JNIEnv12NewGlobalRefEP8_jobject
                0x00000000        0x0 debug\s3eFlurry_platform.os
 _ZN7_JNIEnv14DeleteLocalRefEP8_jobject
                0x00000000        0x0 debug\s3eFlurry_platform.os
 _ZN7_JNIEnv9NewObjectEP7_jclassP10_jmethodIDz
                0x00000000        0x0 debug\s3eFlurry_platform.os
 _ZN7_JNIEnv11GetMethodIDEP7_jclassPKcS3_
                0x00000000        0x0 debug\s3eFlurry_platform.os
 _ZN7_JNIEnv14CallVoidMethodEP8_jobjectP10_jmethodIDz
                0x00000000        0x0 debug\s3eFlurry_platform.os
 _ZN7_JNIEnv12NewStringUTFEPKc
                0x00000000        0x0 debug\s3eFlurry_platform.os
 _ZN7_JavaVM6GetEnvEPPvi
                0x00000000        0x0 debug\s3eFlurry_platform.os
 .text          0x00000000        0x0 debug\s3eFlurry_platform.os
 .data          0x00000000        0x0 debug\s3eFlurry_platform.os
 .note.GNU-stack
                0x00000000        0x0 debug\s3eFlurry_platform.os
 .text          0x00000000        0x0 debug\s3eFlurry.os
 .data          0x00000000        0x0 debug\s3eFlurry.os
 .bss           0x00000000        0x0 debug\s3eFlurry.os
 .note.GNU-stack
                0x00000000        0x0 debug\s3eFlurry.os
 .text          0x00000000        0x0 debug\s3eFlurry_register.os
 .data          0x00000000        0x0 debug\s3eFlurry_register.os
 .bss           0x00000000        0x0 debug\s3eFlurry_register.os
 .note.GNU-stack
                0x00000000        0x0 debug\s3eFlurry_register.os
 .text          0x00000000        0x0 C:\dev\marmalade\6.0\s3e\edk\lib\android\libedk.a(IwDebug.o)
 .data          0x00000000        0x0 C:\dev\marmalade\6.0\s3e\edk\lib\android\libedk.a(IwDebug.o)
 .text.IwAssertRegisterTextCallback
                0x00000000        0x0 C:\dev\marmalade\6.0\s3e\edk\lib\android\libedk.a(IwDebug.o)
 .ARM.extab.text.IwAssertRegisterTextCallback
                0x00000000        0x0 C:\dev\marmalade\6.0\s3e\edk\lib\android\libedk.a(IwDebug.o)
 .ARM.exidx.text.IwAssertRegisterTextCallback
                0x00000000        0x0 C:\dev\marmalade\6.0\s3e\edk\lib\android\libedk.a(IwDebug.o)
 .text.IwAssertRegisterCallback
                0x00000000        0x0 C:\dev\marmalade\6.0\s3e\edk\lib\android\libedk.a(IwDebug.o)
 .ARM.extab.text.IwAssertRegisterCallback
                0x00000000        0x0 C:\dev\marmalade\6.0\s3e\edk\lib\android\libedk.a(IwDebug.o)
 .ARM.exidx.text.IwAssertRegisterCallback
                0x00000000        0x0 C:\dev\marmalade\6.0\s3e\edk\lib\android\libedk.a(IwDebug.o)
 .ARM.extab.text.IwDebugTraceSetTraceChannel
                0x00000000        0x0 C:\dev\marmalade\6.0\s3e\edk\lib\android\libedk.a(IwDebug.o)
 .text.IwDebugErrorRegisterCallback
                0x00000000        0x0 C:\dev\marmalade\6.0\s3e\edk\lib\android\libedk.a(IwDebug.o)
 .ARM.extab.text.IwDebugErrorRegisterCallback
                0x00000000        0x0 C:\dev\marmalade\6.0\s3e\edk\lib\android\libedk.a(IwDebug.o)
 .ARM.exidx.text.IwDebugErrorRegisterCallback
                0x00000000        0x0 C:\dev\marmalade\6.0\s3e\edk\lib\android\libedk.a(IwDebug.o)
 .text.IwDebugAssertSetUID
                0x00000000        0x0 C:\dev\marmalade\6.0\s3e\edk\lib\android\libedk.a(IwDebug.o)
 .ARM.extab.text.IwDebugAssertSetUID
                0x00000000        0x0 C:\dev\marmalade\6.0\s3e\edk\lib\android\libedk.a(IwDebug.o)
 .ARM.exidx.text.IwDebugAssertSetUID
                0x00000000        0x0 C:\dev\marmalade\6.0\s3e\edk\lib\android\libedk.a(IwDebug.o)
 .ARM.extab.text._GLOBAL__I_g_DebugGlobals
                0x00000000        0x0 C:\dev\marmalade\6.0\s3e\edk\lib\android\libedk.a(IwDebug.o)
 .text.IwDebugClearConfigCache
                0x00000000        0x0 C:\dev\marmalade\6.0\s3e\edk\lib\android\libedk.a(IwDebug.o)
 .ARM.extab.text.IwDebugClearConfigCache
                0x00000000        0x0 C:\dev\marmalade\6.0\s3e\edk\lib\android\libedk.a(IwDebug.o)
 .ARM.exidx.text.IwDebugClearConfigCache
                0x00000000        0x0 C:\dev\marmalade\6.0\s3e\edk\lib\android\libedk.a(IwDebug.o)
 .text.IwDebugErrorShow
                0x00000000        0x0 C:\dev\marmalade\6.0\s3e\edk\lib\android\libedk.a(IwDebug.o)
 .ARM.extab.text.IwDebugErrorShow
                0x00000000        0x0 C:\dev\marmalade\6.0\s3e\edk\lib\android\libedk.a(IwDebug.o)
 .ARM.exidx.text.IwDebugErrorShow
                0x00000000        0x0 C:\dev\marmalade\6.0\s3e\edk\lib\android\libedk.a(IwDebug.o)
 .ARM.extab.text.IwDebugTraceIsChannelOn
                0x00000000        0x0 C:\dev\marmalade\6.0\s3e\edk\lib\android\libedk.a(IwDebug.o)
 .text.IwDebugAssertIsChannelOn
                0x00000000        0x0 C:\dev\marmalade\6.0\s3e\edk\lib\android\libedk.a(IwDebug.o)
 .ARM.extab.text.IwDebugAssertIsChannelOn
                0x00000000        0x0 C:\dev\marmalade\6.0\s3e\edk\lib\android\libedk.a(IwDebug.o)
 .ARM.exidx.text.IwDebugAssertIsChannelOn
                0x00000000        0x0 C:\dev\marmalade\6.0\s3e\edk\lib\android\libedk.a(IwDebug.o)
 .text.IwDebugTraceDisable
                0x00000000        0x0 C:\dev\marmalade\6.0\s3e\edk\lib\android\libedk.a(IwDebug.o)
 .ARM.extab.text.IwDebugTraceDisable
                0x00000000        0x0 C:\dev\marmalade\6.0\s3e\edk\lib\android\libedk.a(IwDebug.o)
 .ARM.exidx.text.IwDebugTraceDisable
                0x00000000        0x0 C:\dev\marmalade\6.0\s3e\edk\lib\android\libedk.a(IwDebug.o)
 .text.IwDebugAssertSetMessage
                0x00000000        0x0 C:\dev\marmalade\6.0\s3e\edk\lib\android\libedk.a(IwDebug.o)
 .ARM.extab.text.IwDebugAssertSetMessage
                0x00000000        0x0 C:\dev\marmalade\6.0\s3e\edk\lib\android\libedk.a(IwDebug.o)
 .ARM.exidx.text.IwDebugAssertSetMessage
                0x00000000        0x0 C:\dev\marmalade\6.0\s3e\edk\lib\android\libedk.a(IwDebug.o)
 .text.IwDebugAssertSetSolution
                0x00000000        0x0 C:\dev\marmalade\6.0\s3e\edk\lib\android\libedk.a(IwDebug.o)
 .ARM.extab.text.IwDebugAssertSetSolution
                0x00000000        0x0 C:\dev\marmalade\6.0\s3e\edk\lib\android\libedk.a(IwDebug.o)
 .ARM.exidx.text.IwDebugAssertSetSolution
                0x00000000        0x0 C:\dev\marmalade\6.0\s3e\edk\lib\android\libedk.a(IwDebug.o)
 .text.IwDebugAssertShow
                0x00000000        0x0 C:\dev\marmalade\6.0\s3e\edk\lib\android\libedk.a(IwDebug.o)
 .ARM.extab.text.IwDebugAssertShow
                0x00000000        0x0 C:\dev\marmalade\6.0\s3e\edk\lib\android\libedk.a(IwDebug.o)
 .ARM.exidx.text.IwDebugAssertShow
                0x00000000        0x0 C:\dev\marmalade\6.0\s3e\edk\lib\android\libedk.a(IwDebug.o)
 .text.IwDebugTraceChannelSwitch
                0x00000000        0x0 C:\dev\marmalade\6.0\s3e\edk\lib\android\libedk.a(IwDebug.o)
 .ARM.extab.text.IwDebugTraceChannelSwitch
                0x00000000        0x0 C:\dev\marmalade\6.0\s3e\edk\lib\android\libedk.a(IwDebug.o)
 .ARM.exidx.text.IwDebugTraceChannelSwitch
                0x00000000        0x0 C:\dev\marmalade\6.0\s3e\edk\lib\android\libedk.a(IwDebug.o)
 .note.GNU-stack
                0x00000000        0x0 C:\dev\marmalade\6.0\s3e\edk\lib\android\libedk.a(IwDebug.o)
 .text          0x00000000        0x0 C:\dev\marmalade\6.0\s3e\edk\lib\android\libedk.a(edk_helpers.o)
 .data          0x00000000        0x0 C:\dev\marmalade\6.0\s3e\edk\lib\android\libedk.a(edk_helpers.o)
 .bss           0x00000000        0x0 C:\dev\marmalade\6.0\s3e\edk\lib\android\libedk.a(edk_helpers.o)
 .text.s3eEdkThreadRunOnOSAsync
                0x00000000        0x0 C:\dev\marmalade\6.0\s3e\edk\lib\android\libedk.a(edk_helpers.o)
 .ARM.extab.text.s3eEdkThreadRunOnOSAsync
                0x00000000        0x0 C:\dev\marmalade\6.0\s3e\edk\lib\android\libedk.a(edk_helpers.o)
 .ARM.exidx.text.s3eEdkThreadRunOnOSAsync
                0x00000000        0x0 C:\dev\marmalade\6.0\s3e\edk\lib\android\libedk.a(edk_helpers.o)
 .text.s3eEdkErrorSetString
                0x00000000        0x0 C:\dev\marmalade\6.0\s3e\edk\lib\android\libedk.a(edk_helpers.o)
 .ARM.extab.text.s3eEdkErrorSetString
                0x00000000        0x0 C:\dev\marmalade\6.0\s3e\edk\lib\android\libedk.a(edk_helpers.o)
 .ARM.exidx.text.s3eEdkErrorSetString
                0x00000000        0x0 C:\dev\marmalade\6.0\s3e\edk\lib\android\libedk.a(edk_helpers.o)
 .note.GNU-stack
                0x00000000        0x0 C:\dev\marmalade\6.0\s3e\edk\lib\android\libedk.a(edk_helpers.o)
 .data          0x00000000        0x0 C:/dev/tools/android-ndk-r8/toolchains/arm-linux-androideabi-4.4.3/prebuilt/windows/bin/../lib/gcc/arm-linux-androideabi/4.4.3\libgcc.a(_aeabi_ldivmod.o)
 .bss           0x00000000        0x0 C:/dev/tools/android-ndk-r8/toolchains/arm-linux-androideabi-4.4.3/prebuilt/windows/bin/../lib/gcc/arm-linux-androideabi/4.4.3\libgcc.a(_aeabi_ldivmod.o)
 .note.GNU-stack
                0x00000000        0x0 C:/dev/tools/android-ndk-r8/toolchains/arm-linux-androideabi-4.4.3/prebuilt/windows/bin/../lib/gcc/arm-linux-androideabi/4.4.3\libgcc.a(_aeabi_ldivmod.o)
 .data          0x00000000        0x0 C:/dev/tools/android-ndk-r8/toolchains/arm-linux-androideabi-4.4.3/prebuilt/windows/bin/../lib/gcc/arm-linux-androideabi/4.4.3\libgcc.a(bpabi.o)
 .bss           0x00000000        0x0 C:/dev/tools/android-ndk-r8/toolchains/arm-linux-androideabi-4.4.3/prebuilt/windows/bin/../lib/gcc/arm-linux-androideabi/4.4.3\libgcc.a(bpabi.o)
 .ARM.extab     0x00000000        0x0 C:/dev/tools/android-ndk-r8/toolchains/arm-linux-androideabi-4.4.3/prebuilt/windows/bin/../lib/gcc/arm-linux-androideabi/4.4.3\libgcc.a(bpabi.o)
 .note.GNU-stack
                0x00000000        0x0 C:/dev/tools/android-ndk-r8/toolchains/arm-linux-androideabi-4.4.3/prebuilt/windows/bin/../lib/gcc/arm-linux-androideabi/4.4.3\libgcc.a(bpabi.o)
 .data          0x00000000        0x0 C:/dev/tools/android-ndk-r8/toolchains/arm-linux-androideabi-4.4.3/prebuilt/windows/bin/../lib/gcc/arm-linux-androideabi/4.4.3\libgcc.a(unwind-arm.o)
 .bss           0x00000000        0x0 C:/dev/tools/android-ndk-r8/toolchains/arm-linux-androideabi-4.4.3/prebuilt/windows/bin/../lib/gcc/arm-linux-androideabi/4.4.3\libgcc.a(unwind-arm.o)
 .note.GNU-stack
                0x00000000        0x0 C:/dev/tools/android-ndk-r8/toolchains/arm-linux-androideabi-4.4.3/prebuilt/windows/bin/../lib/gcc/arm-linux-androideabi/4.4.3\libgcc.a(unwind-arm.o)
 .data          0x00000000        0x0 C:/dev/tools/android-ndk-r8/toolchains/arm-linux-androideabi-4.4.3/prebuilt/windows/bin/../lib/gcc/arm-linux-androideabi/4.4.3\libgcc.a(libunwind.o)
 .bss           0x00000000        0x0 C:/dev/tools/android-ndk-r8/toolchains/arm-linux-androideabi-4.4.3/prebuilt/windows/bin/../lib/gcc/arm-linux-androideabi/4.4.3\libgcc.a(libunwind.o)
 .note.GNU-stack
                0x00000000        0x0 C:/dev/tools/android-ndk-r8/toolchains/arm-linux-androideabi-4.4.3/prebuilt/windows/bin/../lib/gcc/arm-linux-androideabi/4.4.3\libgcc.a(libunwind.o)
 .data          0x00000000        0x0 C:/dev/tools/android-ndk-r8/toolchains/arm-linux-androideabi-4.4.3/prebuilt/windows/bin/../lib/gcc/arm-linux-androideabi/4.4.3\libgcc.a(pr-support.o)
 .bss           0x00000000        0x0 C:/dev/tools/android-ndk-r8/toolchains/arm-linux-androideabi-4.4.3/prebuilt/windows/bin/../lib/gcc/arm-linux-androideabi/4.4.3\libgcc.a(pr-support.o)
 .ARM.extab     0x00000000        0x0 C:/dev/tools/android-ndk-r8/toolchains/arm-linux-androideabi-4.4.3/prebuilt/windows/bin/../lib/gcc/arm-linux-androideabi/4.4.3\libgcc.a(pr-support.o)
 .note.GNU-stack
                0x00000000        0x0 C:/dev/tools/android-ndk-r8/toolchains/arm-linux-androideabi-4.4.3/prebuilt/windows/bin/../lib/gcc/arm-linux-androideabi/4.4.3\libgcc.a(pr-support.o)
 .data          0x00000000        0x0 C:/dev/tools/android-ndk-r8/toolchains/arm-linux-androideabi-4.4.3/prebuilt/windows/bin/../lib/gcc/arm-linux-androideabi/4.4.3\libgcc.a(_divdi3.o)
 .bss           0x00000000        0x0 C:/dev/tools/android-ndk-r8/toolchains/arm-linux-androideabi-4.4.3/prebuilt/windows/bin/../lib/gcc/arm-linux-androideabi/4.4.3\libgcc.a(_divdi3.o)
 .ARM.extab     0x00000000        0x0 C:/dev/tools/android-ndk-r8/toolchains/arm-linux-androideabi-4.4.3/prebuilt/windows/bin/../lib/gcc/arm-linux-androideabi/4.4.3\libgcc.a(_divdi3.o)
 .note.GNU-stack
                0x00000000        0x0 C:/dev/tools/android-ndk-r8/toolchains/arm-linux-androideabi-4.4.3/prebuilt/windows/bin/../lib/gcc/arm-linux-androideabi/4.4.3\libgcc.a(_divdi3.o)
 .data          0x00000000        0x0 C:/dev/tools/android-ndk-r8/toolchains/arm-linux-androideabi-4.4.3/prebuilt/windows/bin/../lib/gcc/arm-linux-androideabi/4.4.3\libgcc.a(_udivdi3.o)
 .bss           0x00000000        0x0 C:/dev/tools/android-ndk-r8/toolchains/arm-linux-androideabi-4.4.3/prebuilt/windows/bin/../lib/gcc/arm-linux-androideabi/4.4.3\libgcc.a(_udivdi3.o)
 .ARM.extab     0x00000000        0x0 C:/dev/tools/android-ndk-r8/toolchains/arm-linux-androideabi-4.4.3/prebuilt/windows/bin/../lib/gcc/arm-linux-androideabi/4.4.3\libgcc.a(_udivdi3.o)
 .note.GNU-stack
                0x00000000        0x0 C:/dev/tools/android-ndk-r8/toolchains/arm-linux-androideabi-4.4.3/prebuilt/windows/bin/../lib/gcc/arm-linux-androideabi/4.4.3\libgcc.a(_udivdi3.o)
 .data          0x00000000        0x0 C:/dev/tools/android-ndk-r8/toolchains/arm-linux-androideabi-4.4.3/prebuilt/windows/bin/../lib/gcc/arm-linux-androideabi/4.4.3\libgcc.a(_udivsi3.o)
 .bss           0x00000000        0x0 C:/dev/tools/android-ndk-r8/toolchains/arm-linux-androideabi-4.4.3/prebuilt/windows/bin/../lib/gcc/arm-linux-androideabi/4.4.3\libgcc.a(_udivsi3.o)
 .note.GNU-stack
                0x00000000        0x0 C:/dev/tools/android-ndk-r8/toolchains/arm-linux-androideabi-4.4.3/prebuilt/windows/bin/../lib/gcc/arm-linux-androideabi/4.4.3\libgcc.a(_udivsi3.o)
 .data          0x00000000        0x0 C:/dev/tools/android-ndk-r8/toolchains/arm-linux-androideabi-4.4.3/prebuilt/windows/bin/../lib/gcc/arm-linux-androideabi/4.4.3\libgcc.a(_dvmd_lnx.o)
 .bss           0x00000000        0x0 C:/dev/tools/android-ndk-r8/toolchains/arm-linux-androideabi-4.4.3/prebuilt/windows/bin/../lib/gcc/arm-linux-androideabi/4.4.3\libgcc.a(_dvmd_lnx.o)
 .note.GNU-stack
                0x00000000        0x0 C:/dev/tools/android-ndk-r8/toolchains/arm-linux-androideabi-4.4.3/prebuilt/windows/bin/../lib/gcc/arm-linux-androideabi/4.4.3\libgcc.a(_dvmd_lnx.o)

Memory Configuration

Name             Origin             Length             Attributes
*default*        0x00000000         0xffffffff

Linker script and memory map

LOAD debug\s3eFlurry_platform.os
LOAD debug\s3eFlurry.os
LOAD debug\s3eFlurry_register.os
LOAD C:\dev\marmalade\6.0\s3e\edk\lib\android\libedk.a
LOAD C:\dev\marmalade\6.0\s3e\edk\lib\android/libplaceholderplaceholderplaceholderplaceholderplaceholder.so
LOAD C:\dev\tools\android-ndk-r8\platforms\android-9\arch-arm\usr\lib/libc.so
LOAD C:\dev\tools\android-ndk-r8\platforms\android-9\arch-arm\usr\lib/libm.so
LOAD C:\dev\tools\android-ndk-r8\platforms\android-9\arch-arm\usr\lib/liblog.so
LOAD C:\dev\tools\android-ndk-r8\platforms\android-9\arch-arm\usr\lib/libstdc++.so
LOAD C:/dev/tools/android-ndk-r8/toolchains/arm-linux-androideabi-4.4.3/prebuilt/windows/bin/../lib/gcc/arm-linux-androideabi/4.4.3\libgcc.a
                0x000000d4                . = (0x0 + SIZEOF_HEADERS)

.note.gnu.build-id
 *(.note.gnu.build-id)

.hash           0x000000d4      0x28c
 *(.hash)
 .hash          0x000000d4      0x28c debug\s3eFlurry_platform.os

.gnu.hash
 *(.gnu.hash)

.dynsym         0x00000360      0x5e0
 *(.dynsym)
 .dynsym        0x00000360      0x5e0 debug\s3eFlurry_platform.os

.dynstr         0x00000940      0x604
 *(.dynstr)
 .dynstr        0x00000940      0x604 debug\s3eFlurry_platform.os

.gnu.version    0x00000f44        0x0
 *(.gnu.version)
 .gnu.version   0x00000000        0x0 debug\s3eFlurry_platform.os

.gnu.version_d  0x00000f44        0x0
 *(.gnu.version_d)
 .gnu.version_d
                0x00000000        0x0 debug\s3eFlurry_platform.os

.gnu.version_r  0x00000f44        0x0
 *(.gnu.version_r)
 .gnu.version_r
                0x00000000        0x0 debug\s3eFlurry_platform.os

.rel.dyn        0x00000f44      0x108
 *(.rel.init)
 *(.rel.text .rel.text.* .rel.gnu.linkonce.t.*)
 .rel.text.IwAssertRegisterTextCallback
                0x00000000        0x0 debug\s3eFlurry_platform.os
 .rel.text.IwAssertRegisterCallback
                0x00000000        0x0 debug\s3eFlurry_platform.os
 .rel.text.IwDebugTraceSetTraceChannel
                0x00000f44        0x8 debug\s3eFlurry_platform.os
 .rel.text.IwDebugErrorRegisterCallback
                0x00000000        0x0 debug\s3eFlurry_platform.os
 .rel.text.IwDebugAssertSetUID
                0x00000000        0x0 debug\s3eFlurry_platform.os
 .rel.text._GLOBAL__I_g_DebugGlobals
                0x00000f4c        0x8 debug\s3eFlurry_platform.os
 .rel.text.IwDebugClearConfigCache
                0x00000000        0x0 debug\s3eFlurry_platform.os
 .rel.text.IwDebugErrorShow
                0x00000000        0x0 debug\s3eFlurry_platform.os
 .rel.text.IwDebugTraceLineVPrintf
                0x00000f54       0x20 debug\s3eFlurry_platform.os
 .rel.text.IwDebugTraceIsChannelOn
                0x00000f74       0x18 debug\s3eFlurry_platform.os
 .rel.text.IwDebugAssertIsChannelOn
                0x00000000        0x0 debug\s3eFlurry_platform.os
 .rel.text.IwDebugAssertSetMessage
                0x00000000        0x0 debug\s3eFlurry_platform.os
 .rel.text.IwDebugAssertSetSolution
                0x00000000        0x0 debug\s3eFlurry_platform.os
 .rel.text.IwDebugAssertShow
                0x00000000        0x0 debug\s3eFlurry_platform.os
 .rel.text.IwDebugTraceChannelSwitch
                0x00000000        0x0 debug\s3eFlurry_platform.os
 *(.rel.fini)
 *(.rel.rodata .rel.rodata.* .rel.gnu.linkonce.r.*)
 *(.rel.data.rel.ro* .rel.gnu.linkonce.d.rel.ro.*)
 *(.rel.data .rel.data.* .rel.gnu.linkonce.d.*)
 *(.rel.tdata .rel.tdata.* .rel.gnu.linkonce.td.*)
 *(.rel.tbss .rel.tbss.* .rel.gnu.linkonce.tb.*)
 *(.rel.ctors)
 *(.rel.dtors)
 *(.rel.got)
 .rel.got       0x00000f8c       0xb8 debug\s3eFlurry_platform.os
 *(.rel.bss .rel.bss.* .rel.gnu.linkonce.b.*)
 .rel.init_array
                0x00001044        0x8 debug\s3eFlurry_platform.os

.rela.dyn
 *(.rela.init)
 *(.rela.text .rela.text.* .rela.gnu.linkonce.t.*)
 *(.rela.fini)
 *(.rela.rodata .rela.rodata.* .rela.gnu.linkonce.r.*)
 *(.rela.data .rela.data.* .rela.gnu.linkonce.d.*)
 *(.rela.tdata .rela.tdata.* .rela.gnu.linkonce.td.*)
 *(.rela.tbss .rela.tbss.* .rela.gnu.linkonce.tb.*)
 *(.rela.ctors)
 *(.rela.dtors)
 *(.rela.got)
 *(.rela.bss .rela.bss.* .rela.gnu.linkonce.b.*)

.rel.plt        0x0000104c       0x98
 *(.rel.plt)
 .rel.plt       0x0000104c       0x98 debug\s3eFlurry_platform.os

.rela.plt
 *(.rela.plt)

.init
 *(.init)

.plt            0x000010e4       0xf8
 *(.plt)
 .plt           0x000010e4       0xf8 debug\s3eFlurry_platform.os

.text           0x000011dc     0x40dc
 *(.text .stub .text.* .gnu.linkonce.t.*)
 .text._ZN7_JNIEnv9FindClassEPKc
                0x000011dc       0x40 debug\s3eFlurry_platform.os
                0x000011dc                _JNIEnv::FindClass(char const*)
 .text._ZN7_JNIEnv17ExceptionOccurredEv
                0x0000121c       0x38 debug\s3eFlurry_platform.os
                0x0000121c                _JNIEnv::ExceptionOccurred()
 .text._ZN7_JNIEnv17ExceptionDescribeEv
                0x00001254       0x30 debug\s3eFlurry_platform.os
                0x00001254                _JNIEnv::ExceptionDescribe()
 .text._ZN7_JNIEnv14ExceptionClearEv
                0x00001284       0x30 debug\s3eFlurry_platform.os
                0x00001284                _JNIEnv::ExceptionClear()
 .text._ZN7_JNIEnv12NewGlobalRefEP8_jobject
                0x000012b4       0x40 debug\s3eFlurry_platform.os
                0x000012b4                _JNIEnv::NewGlobalRef(_jobject*)
 .text._ZN7_JNIEnv14DeleteLocalRefEP8_jobject
                0x000012f4       0x38 debug\s3eFlurry_platform.os
                0x000012f4                _JNIEnv::DeleteLocalRef(_jobject*)
 .text._ZN7_JNIEnv9NewObjectEP7_jclassP10_jmethodIDz
                0x0000132c       0x60 debug\s3eFlurry_platform.os
                0x0000132c                _JNIEnv::NewObject(_jclass*, _jmethodID*, ...)
 .text._ZN7_JNIEnv11GetMethodIDEP7_jclassPKcS3_
                0x0000138c       0x50 debug\s3eFlurry_platform.os
                0x0000138c                _JNIEnv::GetMethodID(_jclass*, char const*, char const*)
 .text._ZN7_JNIEnv14CallVoidMethodEP8_jobjectP10_jmethodIDz
                0x000013dc       0x50 debug\s3eFlurry_platform.os
                0x000013dc                _JNIEnv::CallVoidMethod(_jobject*, _jmethodID*, ...)
 .text._ZN7_JNIEnv12NewStringUTFEPKc
                0x0000142c       0x40 debug\s3eFlurry_platform.os
                0x0000142c                _JNIEnv::NewStringUTF(char const*)
 .text._ZN7_JavaVM6GetEnvEPPvi
                0x0000146c       0x48 debug\s3eFlurry_platform.os
                0x0000146c                _JavaVM::GetEnv(void**, int)
 .text._ZL15s3eEdkJNIGetEnvv
                0x000014b4       0x48 debug\s3eFlurry_platform.os
 .text._ZL27s3eEdkAndroidFindClass_realPKc
                0x000014fc       0x7c debug\s3eFlurry_platform.os
 .text._ZL22s3eEdkAndroidFindClassPKc
                0x00001578       0x3c debug\s3eFlurry_platform.os
 .text._Z22s3eFlurryInit_platformv
                0x000015b4      0x704 debug\s3eFlurry_platform.os
                0x000015b4                s3eFlurryInit_platform()
 .text._Z27s3eFlurryTerminate_platformv
                0x00001cb8        0x4 debug\s3eFlurry_platform.os
                0x00001cb8                s3eFlurryTerminate_platform()
 .text._Z23s3eFlurryStart_platformPKc
                0x00001cbc       0x6c debug\s3eFlurry_platform.os
                0x00001cbc                s3eFlurryStart_platform(char const*)
 .text._Z26s3eFlurryLogEvent_platformPKch
                0x00001d28       0x74 debug\s3eFlurry_platform.os
                0x00001d28                s3eFlurryLogEvent_platform(char const*, unsigned char)
 .text._Z31s3eFlurryEndTimedEvent_platformPKc
                0x00001d9c       0x6c debug\s3eFlurry_platform.os
                0x00001d9c                s3eFlurryEndTimedEvent_platform(char const*)
 .text._Z26s3eFlurryLogError_platformPKcS0_
                0x00001e08       0x8c debug\s3eFlurry_platform.os
                0x00001e08                s3eFlurryLogError_platform(char const*, char const*)
 .text._Z27s3eFlurrySetUserID_platformPKc
                0x00001e94       0x6c debug\s3eFlurry_platform.os
                0x00001e94                s3eFlurrySetUserID_platform(char const*)
 .text._Z28s3eFlurrySetUserAge_platformh
                0x00001f00       0x58 debug\s3eFlurry_platform.os
                0x00001f00                s3eFlurrySetUserAge_platform(unsigned char)
 .text._Z31s3eFlurrySetUserGender_platform19s3eFlurryUserGender
                0x00001f58       0xa8 debug\s3eFlurry_platform.os
                0x00001f58                s3eFlurrySetUserGender_platform(s3eFlurryUserGender)
 .text._Z29s3eFlurrySetLocation_platformP11s3eLocation
                0x00002000       0x54 debug\s3eFlurry_platform.os
                0x00002000                s3eFlurrySetLocation_platform(s3eLocation*)
 .text._Z41s3eFlurrySetSessionReportOnClose_platformh
                0x00002054       0x58 debug\s3eFlurry_platform.os
                0x00002054                s3eFlurrySetSessionReportOnClose_platform(unsigned char)
 .text._Z41s3eFlurrySetSessionReportOnPause_platformh
                0x000020ac       0x58 debug\s3eFlurry_platform.os
                0x000020ac                s3eFlurrySetSessionReportOnPause_platform(unsigned char)
 .text._Z33s3eFlurryAppCircleEnable_platformv
                0x00002104       0x50 debug\s3eFlurry_platform.os
                0x00002104                s3eFlurryAppCircleEnable_platform()
 .text._Z32s3eFlurrySetDefaultText_platformPKc
                0x00002154       0x6c debug\s3eFlurry_platform.os
                0x00002154                s3eFlurrySetDefaultText_platform(char const*)
 .text._Z30s3eFlurryShowAdBanner_platformhh
                0x000021c0       0x7c debug\s3eFlurry_platform.os
                0x000021c0                s3eFlurryShowAdBanner_platform(unsigned char, unsigned char)
 .text._Z31s3eFlurryShowOfferWall_platformv
                0x0000223c       0x50 debug\s3eFlurry_platform.os
                0x0000223c                s3eFlurryShowOfferWall_platform()
 .text._Z13s3eFlurryInitv
                0x0000228c       0x18 debug\s3eFlurry.os
                0x0000228c                s3eFlurryInit()
 .text._Z18s3eFlurryTerminatev
                0x000022a4       0x10 debug\s3eFlurry.os
                0x000022a4                s3eFlurryTerminate()
 .text.s3eFlurryStart
                0x000022b4       0x20 debug\s3eFlurry.os
                0x000022b4                s3eFlurryStart
 .text.s3eFlurryLogEvent
                0x000022d4       0x30 debug\s3eFlurry.os
                0x000022d4                s3eFlurryLogEvent
 .text.s3eFlurryEndTimedEvent
                0x00002304       0x20 debug\s3eFlurry.os
                0x00002304                s3eFlurryEndTimedEvent
 .text.s3eFlurryLogError
                0x00002324       0x28 debug\s3eFlurry.os
                0x00002324                s3eFlurryLogError
 .text.s3eFlurrySetUserID
                0x0000234c       0x20 debug\s3eFlurry.os
                0x0000234c                s3eFlurrySetUserID
 .text.s3eFlurrySetUserAge
                0x0000236c       0x28 debug\s3eFlurry.os
                0x0000236c                s3eFlurrySetUserAge
 .text.s3eFlurrySetUserGender
                0x00002394       0x20 debug\s3eFlurry.os
                0x00002394                s3eFlurrySetUserGender
 .text.s3eFlurrySetLocation
                0x000023b4       0x20 debug\s3eFlurry.os
                0x000023b4                s3eFlurrySetLocation
 .text.s3eFlurrySetSessionReportOnClose
                0x000023d4       0x28 debug\s3eFlurry.os
                0x000023d4                s3eFlurrySetSessionReportOnClose
 .text.s3eFlurrySetSessionReportOnPause
                0x000023fc       0x28 debug\s3eFlurry.os
                0x000023fc                s3eFlurrySetSessionReportOnPause
 .text.s3eFlurryAppCircleEnable
                0x00002424       0x10 debug\s3eFlurry.os
                0x00002424                s3eFlurryAppCircleEnable
 .text.s3eFlurrySetDefaultText
                0x00002434       0x20 debug\s3eFlurry.os
                0x00002434                s3eFlurrySetDefaultText
 .text.s3eFlurryShowAdBanner
                0x00002454       0x38 debug\s3eFlurry.os
                0x00002454                s3eFlurryShowAdBanner
 .text.s3eFlurryShowOfferWall
                0x0000248c       0x10 debug\s3eFlurry.os
                0x0000248c                s3eFlurryShowOfferWall
 .text._ZL19s3eFlurryStart_wrapPKc
                0x0000249c       0x9c debug\s3eFlurry_register.os
 .text._ZL22s3eFlurryLogEvent_wrapPKch
                0x00002538       0xac debug\s3eFlurry_register.os
 .text._ZL27s3eFlurryEndTimedEvent_wrapPKc
                0x000025e4       0x9c debug\s3eFlurry_register.os
 .text._ZL22s3eFlurryLogError_wrapPKcS0_
                0x00002680       0xa4 debug\s3eFlurry_register.os
 .text._ZL23s3eFlurrySetUserID_wrapPKc
                0x00002724       0x9c debug\s3eFlurry_register.os
 .text._ZL24s3eFlurrySetUserAge_wraph
                0x000027c0       0xa8 debug\s3eFlurry_register.os
 .text._ZL27s3eFlurrySetUserGender_wrap19s3eFlurryUserGender
                0x00002868       0xa4 debug\s3eFlurry_register.os
 .text._ZL25s3eFlurrySetLocation_wrapP11s3eLocation
                0x0000290c       0x9c debug\s3eFlurry_register.os
 .text._ZL37s3eFlurrySetSessionReportOnClose_wraph
                0x000029a8       0xa8 debug\s3eFlurry_register.os
 .text._ZL37s3eFlurrySetSessionReportOnPause_wraph
                0x00002a50       0xa8 debug\s3eFlurry_register.os
 .text._ZL29s3eFlurryAppCircleEnable_wrapv
                0x00002af8       0x8c debug\s3eFlurry_register.os
 .text._ZL28s3eFlurrySetDefaultText_wrapPKc
                0x00002b84       0x9c debug\s3eFlurry_register.os
 .text._ZL26s3eFlurryShowAdBanner_wraphh
                0x00002c20       0xb0 debug\s3eFlurry_register.os
 .text._ZL27s3eFlurryShowOfferWall_wrapv
                0x00002cd0       0x8c debug\s3eFlurry_register.os
 .text._Z20s3eFlurryRegisterExtv
                0x00002d5c      0x1f8 debug\s3eFlurry_register.os
                0x00002d5c                s3eFlurryRegisterExt()
 .text.RegisterExt
                0x00002f54       0x10 debug\s3eFlurry_register.os
                0x00002f54                RegisterExt
 .text.IwDebugTraceSetTraceChannel
                0x00002f64       0x18 C:\dev\marmalade\6.0\s3e\edk\lib\android\libedk.a(IwDebug.o)
                0x00002f64                IwDebugTraceSetTraceChannel
 .text._GLOBAL__I_g_DebugGlobals
                0x00002f7c       0x8c C:\dev\marmalade\6.0\s3e\edk\lib\android\libedk.a(IwDebug.o)
 .text.IwDebugTraceLineVPrintf
                0x00003008       0xe8 C:\dev\marmalade\6.0\s3e\edk\lib\android\libedk.a(IwDebug.o)
                0x00003008                IwDebugTraceLineVPrintf
 .text.IwDebugTraceLinePrintf
                0x000030f0       0x30 C:\dev\marmalade\6.0\s3e\edk\lib\android\libedk.a(IwDebug.o)
                0x000030f0                IwDebugTraceLinePrintf
 .text.IwDebugTraceIsChannelOn
                0x00003120      0x278 C:\dev\marmalade\6.0\s3e\edk\lib\android\libedk.a(IwDebug.o)
                0x00003120                IwDebugTraceIsChannelOn
 .text.s3eEdkThreadRunOnOS
                0x00003398       0x30 C:\dev\marmalade\6.0\s3e\edk\lib\android\libedk.a(edk_helpers.o)
                0x00003398                s3eEdkThreadRunOnOS
 .text          0x000033c8       0x1c C:/dev/tools/android-ndk-r8/toolchains/arm-linux-androideabi-4.4.3/prebuilt/windows/bin/../lib/gcc/arm-linux-androideabi/4.4.3\libgcc.a(_aeabi_ldivmod.o)
                0x000033c8                __aeabi_ldivmod
 .text          0x000033e4       0x88 C:/dev/tools/android-ndk-r8/toolchains/arm-linux-androideabi-4.4.3/prebuilt/windows/bin/../lib/gcc/arm-linux-androideabi/4.4.3\libgcc.a(bpabi.o)
                0x000033e4                __gnu_uldivmod_helper
                0x00003428                __gnu_ldivmod_helper
 .text          0x0000346c      0xec4 C:/dev/tools/android-ndk-r8/toolchains/arm-linux-androideabi-4.4.3/prebuilt/windows/bin/../lib/gcc/arm-linux-androideabi/4.4.3\libgcc.a(unwind-arm.o)
                0x00003e94                __gnu_Unwind_RaiseException
                0x000039ec                __aeabi_unwind_cpp_pr0
                0x0000351c                _Unwind_GetCFA
                0x000034b8                _Unwind_VRS_Set
                0x00003c30                __gnu_Unwind_Backtrace
                0x00003fc4                _Unwind_VRS_Pop
                0x000039dc                __aeabi_unwind_cpp_pr2
                0x00003528                _Unwind_DeleteException
                0x00003524                _Unwind_Complete
                0x00003f58                __gnu_Unwind_Resume
                0x00003e20                __gnu_Unwind_ForcedUnwind
                0x00003f38                __gnu_Unwind_Resume_or_Rethrow
                0x0000346c                _Unwind_VRS_Get
                0x000039e4                __aeabi_unwind_cpp_pr1
 .text          0x00004330      0x1a8 C:/dev/tools/android-ndk-r8/toolchains/arm-linux-androideabi-4.4.3/prebuilt/windows/bin/../lib/gcc/arm-linux-androideabi/4.4.3\libgcc.a(libunwind.o)
                0x00004490                ___Unwind_ForcedUnwind
                0x0000434c                __gnu_Unwind_Save_VFP
                0x0000446c                _Unwind_Resume_or_Rethrow
                0x0000446c                ___Unwind_Resume_or_Rethrow
                0x000044b4                _Unwind_Backtrace
                0x00004330                __restore_core_regs
                0x0000436c                __gnu_Unwind_Save_VFP_D_16_to_31
                0x0000435c                __gnu_Unwind_Save_VFP_D
                0x000044b4                ___Unwind_Backtrace
                0x00004424                ___Unwind_RaiseException
                0x00004448                ___Unwind_Resume
                0x00004374                __gnu_Unwind_Restore_WMMXD
                0x00004344                __gnu_Unwind_Restore_VFP
                0x00004448                _Unwind_Resume
                0x00004354                __gnu_Unwind_Restore_VFP_D
                0x00004364                __gnu_Unwind_Restore_VFP_D_16_to_31
                0x00004424                _Unwind_RaiseException
                0x00004330                restore_core_regs
                0x00004410                __gnu_Unwind_Save_WMMXC
                0x000043fc                __gnu_Unwind_Restore_WMMXC
                0x00004490                _Unwind_ForcedUnwind
                0x000043b8                __gnu_Unwind_Save_WMMXD
 .text          0x000044d8      0x484 C:/dev/tools/android-ndk-r8/toolchains/arm-linux-androideabi-4.4.3/prebuilt/windows/bin/../lib/gcc/arm-linux-androideabi/4.4.3\libgcc.a(pr-support.o)
                0x00004578                _Unwind_GetRegionStart
                0x000045a4                __gnu_unwind_execute
                0x00004530                _Unwind_GetTextRelBase
                0x00004540                _Unwind_GetLanguageSpecificData
                0x0000491c                __gnu_unwind_frame
                0x00004538                _Unwind_GetDataRelBase
 .text          0x0000495c      0x47c C:/dev/tools/android-ndk-r8/toolchains/arm-linux-androideabi-4.4.3/prebuilt/windows/bin/../lib/gcc/arm-linux-androideabi/4.4.3\libgcc.a(_divdi3.o)
                0x0000495c                __divdi3
 .text          0x00004dd8      0x40c C:/dev/tools/android-ndk-r8/toolchains/arm-linux-androideabi-4.4.3/prebuilt/windows/bin/../lib/gcc/arm-linux-androideabi/4.4.3\libgcc.a(_udivdi3.o)
                0x00004dd8                __udivdi3
 .text          0x000051e4       0xc4 C:/dev/tools/android-ndk-r8/toolchains/arm-linux-androideabi-4.4.3/prebuilt/windows/bin/../lib/gcc/arm-linux-androideabi/4.4.3\libgcc.a(_udivsi3.o)
                0x000051e4                __udivsi3
                0x000051e4                __aeabi_uidiv
                0x00005290                __aeabi_uidivmod
 .text          0x000052a8       0x10 C:/dev/tools/android-ndk-r8/toolchains/arm-linux-androideabi-4.4.3/prebuilt/windows/bin/../lib/gcc/arm-linux-androideabi/4.4.3\libgcc.a(_dvmd_lnx.o)
                0x000052a8                __div0
 *(.gnu.warning)
 *(.glue_7t)
 .glue_7t       0x00000000        0x0 linker stubs
 *(.glue_7)
 .glue_7        0x00000000        0x0 linker stubs
 *(.vfp11_veneer)
 .vfp11_veneer  0x00000000        0x0 linker stubs
 *(.v4_bx)
 .v4_bx         0x00000000        0x0 linker stubs

.fini
 *(.fini)
                0x000052b8                PROVIDE (__etext, .)
                0x000052b8                PROVIDE (_etext, .)
                0x000052b8                PROVIDE (etext, .)

.rodata         0x000052b8      0x6d0
 *(.rodata .rodata.* .gnu.linkonce.r.*)
 .rodata        0x000052b8      0x224 debug\s3eFlurry_platform.os
 .rodata        0x000054dc      0x390 debug\s3eFlurry_register.os
 .rodata.str1.4
                0x0000586c      0x11c C:\dev\marmalade\6.0\s3e\edk\lib\android\libedk.a(IwDebug.o)
                                0x120 (size before relaxing)

.rodata1
 *(.rodata1)

.ARM.extab      0x00005988       0x48
 *(.ARM.extab* .gnu.linkonce.armextab.*)
 .ARM.extab.text.IwDebugTraceLineVPrintf
                0x00005988        0xc C:\dev\marmalade\6.0\s3e\edk\lib\android\libedk.a(IwDebug.o)
 .ARM.extab.text.IwDebugTraceLinePrintf
                0x00005994        0xc C:\dev\marmalade\6.0\s3e\edk\lib\android\libedk.a(IwDebug.o)
 .ARM.extab.text.s3eEdkThreadRunOnOS
                0x000059a0        0xc C:\dev\marmalade\6.0\s3e\edk\lib\android\libedk.a(edk_helpers.o)
 .ARM.extab     0x000059ac       0x24 C:/dev/tools/android-ndk-r8/toolchains/arm-linux-androideabi-4.4.3/prebuilt/windows/bin/../lib/gcc/arm-linux-androideabi/4.4.3\libgcc.a(unwind-arm.o)
                0x000059d0                __exidx_start = .

.ARM.exidx      0x000059d0      0x128
 *(.ARM.exidx* .gnu.linkonce.armexidx.*)
 .ARM.exidx.text.IwDebugTraceSetTraceChannel
                0x000059d0        0x8 C:\dev\marmalade\6.0\s3e\edk\lib\android\libedk.a(IwDebug.o)
 .ARM.exidx.text._GLOBAL__I_g_DebugGlobals
                0x000059d8        0x8 C:\dev\marmalade\6.0\s3e\edk\lib\android\libedk.a(IwDebug.o)
 .ARM.exidx.text.IwDebugTraceLineVPrintf
                0x000059e0        0x8 C:\dev\marmalade\6.0\s3e\edk\lib\android\libedk.a(IwDebug.o)
 .ARM.exidx.text.IwDebugTraceLinePrintf
                0x000059e8        0x8 C:\dev\marmalade\6.0\s3e\edk\lib\android\libedk.a(IwDebug.o)
 .ARM.exidx.text.IwDebugTraceIsChannelOn
                0x000059f0        0x8 C:\dev\marmalade\6.0\s3e\edk\lib\android\libedk.a(IwDebug.o)
 .ARM.exidx.text.s3eEdkThreadRunOnOS
                0x000059f8        0x8 C:\dev\marmalade\6.0\s3e\edk\lib\android\libedk.a(edk_helpers.o)
 .ARM.exidx     0x00005a00       0x10 C:/dev/tools/android-ndk-r8/toolchains/arm-linux-androideabi-4.4.3/prebuilt/windows/bin/../lib/gcc/arm-linux-androideabi/4.4.3\libgcc.a(bpabi.o)
 .ARM.exidx     0x00005a10       0xa0 C:/dev/tools/android-ndk-r8/toolchains/arm-linux-androideabi-4.4.3/prebuilt/windows/bin/../lib/gcc/arm-linux-androideabi/4.4.3\libgcc.a(unwind-arm.o)
 .ARM.exidx     0x00005ab0       0x38 C:/dev/tools/android-ndk-r8/toolchains/arm-linux-androideabi-4.4.3/prebuilt/windows/bin/../lib/gcc/arm-linux-androideabi/4.4.3\libgcc.a(pr-support.o)
 .ARM.exidx     0x00005ae8        0x8 C:/dev/tools/android-ndk-r8/toolchains/arm-linux-androideabi-4.4.3/prebuilt/windows/bin/../lib/gcc/arm-linux-androideabi/4.4.3\libgcc.a(_divdi3.o)
 .ARM.exidx     0x00005af0        0x8 C:/dev/tools/android-ndk-r8/toolchains/arm-linux-androideabi-4.4.3/prebuilt/windows/bin/../lib/gcc/arm-linux-androideabi/4.4.3\libgcc.a(_udivdi3.o)
                0x00005af8                __exidx_end = .

.eh_frame_hdr
 *(.eh_frame_hdr)

.eh_frame
 *(.eh_frame)

.gcc_except_table
 *(.gcc_except_table .gcc_except_table.*)
                0x00005af8                . = (ALIGN (0x1000) - ((0x1000 - .) & 0xfff))
                0x00006000                . = (0x1000 DATA_SEGMENT_ALIGN 0x1000)

.eh_frame
 *(.eh_frame)

.gcc_except_table
 *(.gcc_except_table .gcc_except_table.*)

.tdata
 *(.tdata .tdata.* .gnu.linkonce.td.*)

.tbss
 *(.tbss .tbss.* .gnu.linkonce.tb.*)
 *(.tcommon)

.preinit_array
 *(.preinit_array)

.init_array     0x00006000        0x4
 *(SORT(.init_array.*))
 *(.init_array)
 .init_array    0x00006000        0x4 C:\dev\marmalade\6.0\s3e\edk\lib\android\libedk.a(IwDebug.o)

.fini_array
 *(.fini_array)
 *(SORT(.fini_array.*))

.ctors
 *crtbegin.o(.ctors)
 *crtbegin?.o(.ctors)
 *(EXCLUDE_FILE(*crtend?.o *crtend.o) .ctors)
 *(SORT(.ctors.*))
 *(.ctors)

.dtors
 *crtbegin.o(.dtors)
 *crtbegin?.o(.dtors)
 *(EXCLUDE_FILE(*crtend?.o *crtend.o) .dtors)
 *(SORT(.dtors.*))
 *(.dtors)

.jcr
 *(.jcr)

.data.rel.ro
 *(.data.rel.ro.local* .gnu.linkonce.d.rel.ro.local.*)
 *(.data.rel.ro* .gnu.linkonce.d.rel.ro.*)

.dynamic        0x00006004       0xc0
 *(.dynamic)
 .dynamic       0x00006004       0xc0 debug\s3eFlurry_platform.os
                0x00006004                _DYNAMIC
                0x000060c4                . = (. DATA_SEGMENT_RELRO_END 0x0)

.got            0x000060c4       0xb4
 *(.got.plt)
 .got.plt       0x000060c4       0x58 debug\s3eFlurry_platform.os
                0x000060c4                _GLOBAL_OFFSET_TABLE_
 *(.got)
 .got           0x0000611c       0x5c debug\s3eFlurry_platform.os

.data           0x00006178        0x0
                0x00006178                __data_start = .
 *(.data .data.* .gnu.linkonce.d.*)

.data1
 *(.data1)
                0x00006178                _edata = .
                0x00006178                PROVIDE (edata, .)
                0x00006178                __bss_start = .
                0x00006178                __bss_start__ = .

.bss            0x00006178     0x1a64
 *(.dynbss)
 .dynbss        0x00000000        0x0 debug\s3eFlurry_platform.os
 *(.bss .bss.* .gnu.linkonce.b.*)
 .bss           0x00006178       0x3c debug\s3eFlurry_platform.os
 .bss           0x000061b4     0x1a28 C:\dev\marmalade\6.0\s3e\edk\lib\android\libedk.a(IwDebug.o)
                0x000061b4                g_DebugGlobals
 *(COMMON)
                0x00007bdc                . = ALIGN ((. != 0x0)?0x4:0x1)
                0x00007bdc                _bss_end__ = .
                0x00007bdc                __bss_end__ = .
                0x00007bdc                . = ALIGN (0x4)
                0x00007bdc                . = ALIGN (0x4)
                0x00007bdc                __end__ = .
                0x00007bdc                _end = .
                0x00007bdc                PROVIDE (end, .)
                0x00007bdc                . = DATA_SEGMENT_END (.)

.stab
 *(.stab)

.stabstr
 *(.stabstr)

.stab.excl
 *(.stab.excl)

.stab.exclstr
 *(.stab.exclstr)

.stab.index
 *(.stab.index)

.stab.indexstr
 *(.stab.indexstr)

.comment        0x00000000       0xe6
 *(.comment)
 .comment       0x00000000       0x12 debug\s3eFlurry_platform.os
 .comment       0x00000012       0x12 debug\s3eFlurry.os
 .comment       0x00000024       0x12 debug\s3eFlurry_register.os
 .comment       0x00000036       0x2b C:\dev\marmalade\6.0\s3e\edk\lib\android\libedk.a(IwDebug.o)
 .comment       0x00000061       0x2b C:\dev\marmalade\6.0\s3e\edk\lib\android\libedk.a(edk_helpers.o)
 .comment       0x0000008c       0x12 C:/dev/tools/android-ndk-r8/toolchains/arm-linux-androideabi-4.4.3/prebuilt/windows/bin/../lib/gcc/arm-linux-androideabi/4.4.3\libgcc.a(bpabi.o)
 .comment       0x0000009e       0x12 C:/dev/tools/android-ndk-r8/toolchains/arm-linux-androideabi-4.4.3/prebuilt/windows/bin/../lib/gcc/arm-linux-androideabi/4.4.3\libgcc.a(unwind-arm.o)
 .comment       0x000000b0       0x12 C:/dev/tools/android-ndk-r8/toolchains/arm-linux-androideabi-4.4.3/prebuilt/windows/bin/../lib/gcc/arm-linux-androideabi/4.4.3\libgcc.a(pr-support.o)
 .comment       0x000000c2       0x12 C:/dev/tools/android-ndk-r8/toolchains/arm-linux-androideabi-4.4.3/prebuilt/windows/bin/../lib/gcc/arm-linux-androideabi/4.4.3\libgcc.a(_divdi3.o)
 .comment       0x000000d4       0x12 C:/dev/tools/android-ndk-r8/toolchains/arm-linux-androideabi-4.4.3/prebuilt/windows/bin/../lib/gcc/arm-linux-androideabi/4.4.3\libgcc.a(_udivdi3.o)

.debug
 *(.debug)

.line
 *(.line)

.debug_srcinfo
 *(.debug_srcinfo)

.debug_sfnames
 *(.debug_sfnames)

.debug_aranges  0x00000000      0x358
 *(.debug_aranges)
 .debug_aranges
                0x00000000      0x108 debug\s3eFlurry_platform.os
 .debug_aranges
                0x00000108       0x98 debug\s3eFlurry.os
 .debug_aranges
                0x000001a0       0x98 debug\s3eFlurry_register.os
 .debug_aranges
                0x00000238       0x20 C:/dev/tools/android-ndk-r8/toolchains/arm-linux-androideabi-4.4.3/prebuilt/windows/bin/../lib/gcc/arm-linux-androideabi/4.4.3\libgcc.a(_aeabi_ldivmod.o)
 .debug_aranges
                0x00000258       0x20 C:/dev/tools/android-ndk-r8/toolchains/arm-linux-androideabi-4.4.3/prebuilt/windows/bin/../lib/gcc/arm-linux-androideabi/4.4.3\libgcc.a(bpabi.o)
 .debug_aranges
                0x00000278       0x20 C:/dev/tools/android-ndk-r8/toolchains/arm-linux-androideabi-4.4.3/prebuilt/windows/bin/../lib/gcc/arm-linux-androideabi/4.4.3\libgcc.a(unwind-arm.o)
 .debug_aranges
                0x00000298       0x20 C:/dev/tools/android-ndk-r8/toolchains/arm-linux-androideabi-4.4.3/prebuilt/windows/bin/../lib/gcc/arm-linux-androideabi/4.4.3\libgcc.a(libunwind.o)
 .debug_aranges
                0x000002b8       0x20 C:/dev/tools/android-ndk-r8/toolchains/arm-linux-androideabi-4.4.3/prebuilt/windows/bin/../lib/gcc/arm-linux-androideabi/4.4.3\libgcc.a(pr-support.o)
 .debug_aranges
                0x000002d8       0x20 C:/dev/tools/android-ndk-r8/toolchains/arm-linux-androideabi-4.4.3/prebuilt/windows/bin/../lib/gcc/arm-linux-androideabi/4.4.3\libgcc.a(_divdi3.o)
 .debug_aranges
                0x000002f8       0x20 C:/dev/tools/android-ndk-r8/toolchains/arm-linux-androideabi-4.4.3/prebuilt/windows/bin/../lib/gcc/arm-linux-androideabi/4.4.3\libgcc.a(_udivdi3.o)
 .debug_aranges
                0x00000318       0x20 C:/dev/tools/android-ndk-r8/toolchains/arm-linux-androideabi-4.4.3/prebuilt/windows/bin/../lib/gcc/arm-linux-androideabi/4.4.3\libgcc.a(_udivsi3.o)
 .debug_aranges
                0x00000338       0x20 C:/dev/tools/android-ndk-r8/toolchains/arm-linux-androideabi-4.4.3/prebuilt/windows/bin/../lib/gcc/arm-linux-androideabi/4.4.3\libgcc.a(_dvmd_lnx.o)

.debug_pubnames
                0x00000000      0x7fe
 *(.debug_pubnames)
 .debug_pubnames
                0x00000000      0x361 debug\s3eFlurry_platform.os
 .debug_pubnames
                0x00000361      0x1b0 debug\s3eFlurry.os
 .debug_pubnames
                0x00000511       0x3b debug\s3eFlurry_register.os
 .debug_pubnames
                0x0000054c       0x45 C:/dev/tools/android-ndk-r8/toolchains/arm-linux-androideabi-4.4.3/prebuilt/windows/bin/../lib/gcc/arm-linux-androideabi/4.4.3\libgcc.a(bpabi.o)
 .debug_pubnames
                0x00000591      0x177 C:/dev/tools/android-ndk-r8/toolchains/arm-linux-androideabi-4.4.3/prebuilt/windows/bin/../lib/gcc/arm-linux-androideabi/4.4.3\libgcc.a(unwind-arm.o)
 .debug_pubnames
                0x00000708       0xb7 C:/dev/tools/android-ndk-r8/toolchains/arm-linux-androideabi-4.4.3/prebuilt/windows/bin/../lib/gcc/arm-linux-androideabi/4.4.3\libgcc.a(pr-support.o)
 .debug_pubnames
                0x000007bf       0x1f C:/dev/tools/android-ndk-r8/toolchains/arm-linux-androideabi-4.4.3/prebuilt/windows/bin/../lib/gcc/arm-linux-androideabi/4.4.3\libgcc.a(_divdi3.o)
 .debug_pubnames
                0x000007de       0x20 C:/dev/tools/android-ndk-r8/toolchains/arm-linux-androideabi-4.4.3/prebuilt/windows/bin/../lib/gcc/arm-linux-androideabi/4.4.3\libgcc.a(_udivdi3.o)

.debug_info     0x00000000     0x9267
 *(.debug_info .gnu.linkonce.wi.*)
 .debug_info    0x00000000     0x5f38 debug\s3eFlurry_platform.os
 .debug_info    0x00005f38      0x3e5 debug\s3eFlurry.os
 .debug_info    0x0000631d      0x405 debug\s3eFlurry_register.os
 .debug_info    0x00006722      0x10b C:/dev/tools/android-ndk-r8/toolchains/arm-linux-androideabi-4.4.3/prebuilt/windows/bin/../lib/gcc/arm-linux-androideabi/4.4.3\libgcc.a(_aeabi_ldivmod.o)
 .debug_info    0x0000682d       0xde C:/dev/tools/android-ndk-r8/toolchains/arm-linux-androideabi-4.4.3/prebuilt/windows/bin/../lib/gcc/arm-linux-androideabi/4.4.3\libgcc.a(bpabi.o)
 .debug_info    0x0000690b     0x1424 C:/dev/tools/android-ndk-r8/toolchains/arm-linux-androideabi-4.4.3/prebuilt/windows/bin/../lib/gcc/arm-linux-androideabi/4.4.3\libgcc.a(unwind-arm.o)
 .debug_info    0x00007d2f      0x10f C:/dev/tools/android-ndk-r8/toolchains/arm-linux-androideabi-4.4.3/prebuilt/windows/bin/../lib/gcc/arm-linux-androideabi/4.4.3\libgcc.a(libunwind.o)
 .debug_info    0x00007e3e      0x636 C:/dev/tools/android-ndk-r8/toolchains/arm-linux-androideabi-4.4.3/prebuilt/windows/bin/../lib/gcc/arm-linux-androideabi/4.4.3\libgcc.a(pr-support.o)
 .debug_info    0x00008474      0x606 C:/dev/tools/android-ndk-r8/toolchains/arm-linux-androideabi-4.4.3/prebuilt/windows/bin/../lib/gcc/arm-linux-androideabi/4.4.3\libgcc.a(_divdi3.o)
 .debug_info    0x00008a7a      0x5cb C:/dev/tools/android-ndk-r8/toolchains/arm-linux-androideabi-4.4.3/prebuilt/windows/bin/../lib/gcc/arm-linux-androideabi/4.4.3\libgcc.a(_udivdi3.o)
 .debug_info    0x00009045      0x111 C:/dev/tools/android-ndk-r8/toolchains/arm-linux-androideabi-4.4.3/prebuilt/windows/bin/../lib/gcc/arm-linux-androideabi/4.4.3\libgcc.a(_udivsi3.o)
 .debug_info    0x00009156      0x111 C:/dev/tools/android-ndk-r8/toolchains/arm-linux-androideabi-4.4.3/prebuilt/windows/bin/../lib/gcc/arm-linux-androideabi/4.4.3\libgcc.a(_dvmd_lnx.o)

.debug_abbrev   0x00000000      0xe38
 *(.debug_abbrev)
 .debug_abbrev  0x00000000      0x282 debug\s3eFlurry_platform.os
 .debug_abbrev  0x00000282       0xfc debug\s3eFlurry.os
 .debug_abbrev  0x0000037e      0x12d debug\s3eFlurry_register.os
 .debug_abbrev  0x000004ab       0x14 C:/dev/tools/android-ndk-r8/toolchains/arm-linux-androideabi-4.4.3/prebuilt/windows/bin/../lib/gcc/arm-linux-androideabi/4.4.3\libgcc.a(_aeabi_ldivmod.o)
 .debug_abbrev  0x000004bf       0x6a C:/dev/tools/android-ndk-r8/toolchains/arm-linux-androideabi-4.4.3/prebuilt/windows/bin/../lib/gcc/arm-linux-androideabi/4.4.3\libgcc.a(bpabi.o)
 .debug_abbrev  0x00000529      0x3bb C:/dev/tools/android-ndk-r8/toolchains/arm-linux-androideabi-4.4.3/prebuilt/windows/bin/../lib/gcc/arm-linux-androideabi/4.4.3\libgcc.a(unwind-arm.o)
 .debug_abbrev  0x000008e4       0x14 C:/dev/tools/android-ndk-r8/toolchains/arm-linux-androideabi-4.4.3/prebuilt/windows/bin/../lib/gcc/arm-linux-androideabi/4.4.3\libgcc.a(libunwind.o)
 .debug_abbrev  0x000008f8      0x220 C:/dev/tools/android-ndk-r8/toolchains/arm-linux-androideabi-4.4.3/prebuilt/windows/bin/../lib/gcc/arm-linux-androideabi/4.4.3\libgcc.a(pr-support.o)
 .debug_abbrev  0x00000b18      0x18b C:/dev/tools/android-ndk-r8/toolchains/arm-linux-androideabi-4.4.3/prebuilt/windows/bin/../lib/gcc/arm-linux-androideabi/4.4.3\libgcc.a(_divdi3.o)
 .debug_abbrev  0x00000ca3      0x16d C:/dev/tools/android-ndk-r8/toolchains/arm-linux-androideabi-4.4.3/prebuilt/windows/bin/../lib/gcc/arm-linux-androideabi/4.4.3\libgcc.a(_udivdi3.o)
 .debug_abbrev  0x00000e10       0x14 C:/dev/tools/android-ndk-r8/toolchains/arm-linux-androideabi-4.4.3/prebuilt/windows/bin/../lib/gcc/arm-linux-androideabi/4.4.3\libgcc.a(_udivsi3.o)
 .debug_abbrev  0x00000e24       0x14 C:/dev/tools/android-ndk-r8/toolchains/arm-linux-androideabi-4.4.3/prebuilt/windows/bin/../lib/gcc/arm-linux-androideabi/4.4.3\libgcc.a(_dvmd_lnx.o)

.debug_line     0x00000000     0x16a8
 *(.debug_line)
 .debug_line    0x00000000      0x469 debug\s3eFlurry_platform.os
 .debug_line    0x00000469      0x1e3 debug\s3eFlurry.os
 .debug_line    0x0000064c      0x24a debug\s3eFlurry_register.os
 .debug_line    0x00000896       0xb9 C:/dev/tools/android-ndk-r8/toolchains/arm-linux-androideabi-4.4.3/prebuilt/windows/bin/../lib/gcc/arm-linux-androideabi/4.4.3\libgcc.a(_aeabi_ldivmod.o)
 .debug_line    0x0000094f       0xbf C:/dev/tools/android-ndk-r8/toolchains/arm-linux-androideabi-4.4.3/prebuilt/windows/bin/../lib/gcc/arm-linux-androideabi/4.4.3\libgcc.a(bpabi.o)
 .debug_line    0x00000a0e      0x4e8 C:/dev/tools/android-ndk-r8/toolchains/arm-linux-androideabi-4.4.3/prebuilt/windows/bin/../lib/gcc/arm-linux-androideabi/4.4.3\libgcc.a(unwind-arm.o)
 .debug_line    0x00000ef6      0x105 C:/dev/tools/android-ndk-r8/toolchains/arm-linux-androideabi-4.4.3/prebuilt/windows/bin/../lib/gcc/arm-linux-androideabi/4.4.3\libgcc.a(libunwind.o)
 .debug_line    0x00000ffb      0x1e8 C:/dev/tools/android-ndk-r8/toolchains/arm-linux-androideabi-4.4.3/prebuilt/windows/bin/../lib/gcc/arm-linux-androideabi/4.4.3\libgcc.a(pr-support.o)
 .debug_line    0x000011e3      0x19b C:/dev/tools/android-ndk-r8/toolchains/arm-linux-androideabi-4.4.3/prebuilt/windows/bin/../lib/gcc/arm-linux-androideabi/4.4.3\libgcc.a(_divdi3.o)
 .debug_line    0x0000137e      0x18b C:/dev/tools/android-ndk-r8/toolchains/arm-linux-androideabi-4.4.3/prebuilt/windows/bin/../lib/gcc/arm-linux-androideabi/4.4.3\libgcc.a(_udivdi3.o)
 .debug_line    0x00001509       0xe0 C:/dev/tools/android-ndk-r8/toolchains/arm-linux-androideabi-4.4.3/prebuilt/windows/bin/../lib/gcc/arm-linux-androideabi/4.4.3\libgcc.a(_udivsi3.o)
 .debug_line    0x000015e9       0xbf C:/dev/tools/android-ndk-r8/toolchains/arm-linux-androideabi-4.4.3/prebuilt/windows/bin/../lib/gcc/arm-linux-androideabi/4.4.3\libgcc.a(_dvmd_lnx.o)

.debug_frame    0x00000000      0xb60
 *(.debug_frame)
 .debug_frame   0x00000000      0x35c debug\s3eFlurry_platform.os
 .debug_frame   0x0000035c      0x1d0 debug\s3eFlurry.os
 .debug_frame   0x0000052c      0x1d0 debug\s3eFlurry_register.os
 .debug_frame   0x000006fc       0x60 C:/dev/tools/android-ndk-r8/toolchains/arm-linux-androideabi-4.4.3/prebuilt/windows/bin/../lib/gcc/arm-linux-androideabi/4.4.3\libgcc.a(bpabi.o)
 .debug_frame   0x0000075c      0x248 C:/dev/tools/android-ndk-r8/toolchains/arm-linux-androideabi-4.4.3/prebuilt/windows/bin/../lib/gcc/arm-linux-androideabi/4.4.3\libgcc.a(unwind-arm.o)
 .debug_frame   0x000009a4      0x108 C:/dev/tools/android-ndk-r8/toolchains/arm-linux-androideabi-4.4.3/prebuilt/windows/bin/../lib/gcc/arm-linux-androideabi/4.4.3\libgcc.a(pr-support.o)
 .debug_frame   0x00000aac       0x44 C:/dev/tools/android-ndk-r8/toolchains/arm-linux-androideabi-4.4.3/prebuilt/windows/bin/../lib/gcc/arm-linux-androideabi/4.4.3\libgcc.a(_divdi3.o)
 .debug_frame   0x00000af0       0x48 C:/dev/tools/android-ndk-r8/toolchains/arm-linux-androideabi-4.4.3/prebuilt/windows/bin/../lib/gcc/arm-linux-androideabi/4.4.3\libgcc.a(_udivdi3.o)
 .debug_frame   0x00000b38       0x28 C:/dev/tools/android-ndk-r8/toolchains/arm-linux-androideabi-4.4.3/prebuilt/windows/bin/../lib/gcc/arm-linux-androideabi/4.4.3\libgcc.a(_udivsi3.o)

.debug_str      0x00000000     0x5cb4
 *(.debug_str)
 .debug_str     0x00000000     0x4e1b debug\s3eFlurry_platform.os
                               0x4fca (size before relaxing)
 .debug_str     0x00004e1b       0xab debug\s3eFlurry.os
                                0x456 (size before relaxing)
 .debug_str     0x00004ec6      0x223 debug\s3eFlurry_register.os
                                0x47e (size before relaxing)
 .debug_str     0x000050e9       0xcd C:/dev/tools/android-ndk-r8/toolchains/arm-linux-androideabi-4.4.3/prebuilt/windows/bin/../lib/gcc/arm-linux-androideabi/4.4.3\libgcc.a(bpabi.o)
                                 0xf2 (size before relaxing)
 .debug_str     0x000051b6      0x828 C:/dev/tools/android-ndk-r8/toolchains/arm-linux-androideabi-4.4.3/prebuilt/windows/bin/../lib/gcc/arm-linux-androideabi/4.4.3\libgcc.a(unwind-arm.o)
                                0x908 (size before relaxing)
 .debug_str     0x000059de      0x151 C:/dev/tools/android-ndk-r8/toolchains/arm-linux-androideabi-4.4.3/prebuilt/windows/bin/../lib/gcc/arm-linux-androideabi/4.4.3\libgcc.a(pr-support.o)
                                0x46e (size before relaxing)
 .debug_str     0x00005b2f      0x17b C:/dev/tools/android-ndk-r8/toolchains/arm-linux-androideabi-4.4.3/prebuilt/windows/bin/../lib/gcc/arm-linux-androideabi/4.4.3\libgcc.a(_divdi3.o)
                                0x22b (size before relaxing)
 .debug_str     0x00005caa        0xa C:/dev/tools/android-ndk-r8/toolchains/arm-linux-androideabi-4.4.3/prebuilt/windows/bin/../lib/gcc/arm-linux-androideabi/4.4.3\libgcc.a(_udivdi3.o)
                                0x22c (size before relaxing)

.debug_loc      0x00000000     0x2b4e
 *(.debug_loc)
 .debug_loc     0x00000000      0x514 debug\s3eFlurry_platform.os
 .debug_loc     0x00000514      0x290 debug\s3eFlurry.os
 .debug_loc     0x000007a4      0x29d debug\s3eFlurry_register.os
 .debug_loc     0x00000a41      0x120 C:/dev/tools/android-ndk-r8/toolchains/arm-linux-androideabi-4.4.3/prebuilt/windows/bin/../lib/gcc/arm-linux-androideabi/4.4.3\libgcc.a(bpabi.o)
 .debug_loc     0x00000b61      0xfef C:/dev/tools/android-ndk-r8/toolchains/arm-linux-androideabi-4.4.3/prebuilt/windows/bin/../lib/gcc/arm-linux-androideabi/4.4.3\libgcc.a(unwind-arm.o)
 .debug_loc     0x00001b50      0x2f9 C:/dev/tools/android-ndk-r8/toolchains/arm-linux-androideabi-4.4.3/prebuilt/windows/bin/../lib/gcc/arm-linux-androideabi/4.4.3\libgcc.a(pr-support.o)
 .debug_loc     0x00001e49      0x6cf C:/dev/tools/android-ndk-r8/toolchains/arm-linux-androideabi-4.4.3/prebuilt/windows/bin/../lib/gcc/arm-linux-androideabi/4.4.3\libgcc.a(_divdi3.o)
 .debug_loc     0x00002518      0x636 C:/dev/tools/android-ndk-r8/toolchains/arm-linux-androideabi-4.4.3/prebuilt/windows/bin/../lib/gcc/arm-linux-androideabi/4.4.3\libgcc.a(_udivdi3.o)

.debug_macinfo
 *(.debug_macinfo)

.debug_weaknames
 *(.debug_weaknames)

.debug_funcnames
 *(.debug_funcnames)

.debug_typenames
 *(.debug_typenames)

.debug_varnames
 *(.debug_varnames)

.debug_pubtypes
 *(.debug_pubtypes)

.debug_ranges   0x00000000      0x558
 *(.debug_ranges)
 .debug_ranges  0x00000000       0xf8 debug\s3eFlurry_platform.os
 .debug_ranges  0x000000f8       0x88 debug\s3eFlurry.os
 .debug_ranges  0x00000180       0x88 debug\s3eFlurry_register.os
 .debug_ranges  0x00000208      0x1f8 C:/dev/tools/android-ndk-r8/toolchains/arm-linux-androideabi-4.4.3/prebuilt/windows/bin/../lib/gcc/arm-linux-androideabi/4.4.3\libgcc.a(unwind-arm.o)
 .debug_ranges  0x00000400       0x30 C:/dev/tools/android-ndk-r8/toolchains/arm-linux-androideabi-4.4.3/prebuilt/windows/bin/../lib/gcc/arm-linux-androideabi/4.4.3\libgcc.a(pr-support.o)
 .debug_ranges  0x00000430       0xa0 C:/dev/tools/android-ndk-r8/toolchains/arm-linux-androideabi-4.4.3/prebuilt/windows/bin/../lib/gcc/arm-linux-androideabi/4.4.3\libgcc.a(_divdi3.o)
 .debug_ranges  0x000004d0       0x88 C:/dev/tools/android-ndk-r8/toolchains/arm-linux-androideabi-4.4.3/prebuilt/windows/bin/../lib/gcc/arm-linux-androideabi/4.4.3\libgcc.a(_udivdi3.o)

.gnu.attributes
 *(.gnu.attributes)

.note.gnu.arm.ident
 *(.note.gnu.arm.ident)

/DISCARD/
 *(.note.GNU-stack)
 *(.gnu_debuglink)
OUTPUT(D:\dark\projects\marmalade_extensions\flurry\extensions\s3eflurry\lib\android\libs3eFlurry_d.so elf32-littlearm)

.ARM.attributes
                0x00000000       0x2b
 .ARM.attributes
                0x00000000       0x28 debug\s3eFlurry_platform.os
 .ARM.attributes
                0x00000028       0x28 debug\s3eFlurry.os
 .ARM.attributes
                0x00000050       0x28 debug\s3eFlurry_register.os
 .ARM.attributes
                0x00000078       0x2c C:\dev\marmalade\6.0\s3e\edk\lib\android\libedk.a(IwDebug.o)
 .ARM.attributes
                0x000000a4       0x2c C:\dev\marmalade\6.0\s3e\edk\lib\android\libedk.a(edk_helpers.o)
 .ARM.attributes
                0x000000d0       0x19 C:/dev/tools/android-ndk-r8/toolchains/arm-linux-androideabi-4.4.3/prebuilt/windows/bin/../lib/gcc/arm-linux-androideabi/4.4.3\libgcc.a(_aeabi_ldivmod.o)
 .ARM.attributes
                0x000000e9       0x29 C:/dev/tools/android-ndk-r8/toolchains/arm-linux-androideabi-4.4.3/prebuilt/windows/bin/../lib/gcc/arm-linux-androideabi/4.4.3\libgcc.a(bpabi.o)
 .ARM.attributes
                0x00000112       0x29 C:/dev/tools/android-ndk-r8/toolchains/arm-linux-androideabi-4.4.3/prebuilt/windows/bin/../lib/gcc/arm-linux-androideabi/4.4.3\libgcc.a(unwind-arm.o)
 .ARM.attributes
                0x0000013b       0x19 C:/dev/tools/android-ndk-r8/toolchains/arm-linux-androideabi-4.4.3/prebuilt/windows/bin/../lib/gcc/arm-linux-androideabi/4.4.3\libgcc.a(libunwind.o)
 .ARM.attributes
                0x00000154       0x29 C:/dev/tools/android-ndk-r8/toolchains/arm-linux-androideabi-4.4.3/prebuilt/windows/bin/../lib/gcc/arm-linux-androideabi/4.4.3\libgcc.a(pr-support.o)
 .ARM.attributes
                0x0000017d       0x29 C:/dev/tools/android-ndk-r8/toolchains/arm-linux-androideabi-4.4.3/prebuilt/windows/bin/../lib/gcc/arm-linux-androideabi/4.4.3\libgcc.a(_divdi3.o)
 .ARM.attributes
                0x000001a6       0x29 C:/dev/tools/android-ndk-r8/toolchains/arm-linux-androideabi-4.4.3/prebuilt/windows/bin/../lib/gcc/arm-linux-androideabi/4.4.3\libgcc.a(_udivdi3.o)
 .ARM.attributes
                0x000001cf       0x19 C:/dev/tools/android-ndk-r8/toolchains/arm-linux-androideabi-4.4.3/prebuilt/windows/bin/../lib/gcc/arm-linux-androideabi/4.4.3\libgcc.a(_udivsi3.o)
 .ARM.attributes
                0x000001e8       0x19 C:/dev/tools/android-ndk-r8/toolchains/arm-linux-androideabi-4.4.3/prebuilt/windows/bin/../lib/gcc/arm-linux-androideabi/4.4.3\libgcc.a(_dvmd_lnx.o)
